daveralo@daveralo:~$ ruby -v
ruby 2.5.1p57 (2018-03-29 revision 63029) [x86_64-linux-gnu]
daveralo@daveralo:~$ gem install rails
ERROR:  While executing gem ... (Gem::FilePermissionError)
    You don't have write permissions for the /var/lib/gems/2.5.0 directory.
daveralo@daveralo:~$ sudo gem install rails
[sudo] password for daveralo: 
Building native extensions. This could take a while...
ERROR:  Error installing rails:
	ERROR: Failed to build gem native extension.

    current directory: /var/lib/gems/2.5.0/gems/nokogiri-1.8.4/ext/nokogiri
/usr/bin/ruby2.5 -r ./siteconf20180809-5889-wkhb8l.rb extconf.rb
mkmf.rb can't find header files for ruby at /usr/lib/ruby/include/ruby.h

extconf failed, exit code 1

Gem files will remain installed in /var/lib/gems/2.5.0/gems/nokogiri-1.8.4 for inspection.
Results logged to /var/lib/gems/2.5.0/extensions/x86_64-linux/2.5.0/nokogiri-1.8.4/gem_make.out
daveralo@daveralo:~$ sudo apt-get install ruby-dev
Reading package lists... Done
Building dependency tree       
Reading state information... Done
The following additional packages will be installed:
  libgmp-dev libgmpxx4ldbl ruby2.5-dev ruby2.5-doc
Suggested packages:
  gmp-doc libgmp10-doc libmpfr-dev
The following NEW packages will be installed:
  libgmp-dev libgmpxx4ldbl ruby-dev ruby2.5-dev ruby2.5-doc
0 upgraded, 5 newly installed, 0 to remove and 201 not upgraded.
Need to get 2.199 kB of archives.
After this operation, 20,3 MB of additional disk space will be used.
Do you want to continue? [Y/n] Y
Get:1 http://co.archive.ubuntu.com/ubuntu bionic/main amd64 libgmpxx4ldbl amd64 2:6.1.2+dfsg-2 [8.964 B]
Get:2 http://co.archive.ubuntu.com/ubuntu bionic/main amd64 libgmp-dev amd64 2:6.1.2+dfsg-2 [316 kB]
Get:3 http://co.archive.ubuntu.com/ubuntu bionic/main amd64 ruby2.5-dev amd64 2.5.1-1ubuntu1 [63,7 kB]
Get:4 http://co.archive.ubuntu.com/ubuntu bionic/main amd64 ruby-dev amd64 1:2.5.1 [4.604 B]
Get:5 http://co.archive.ubuntu.com/ubuntu bionic/main amd64 ruby2.5-doc all 2.5.1-1ubuntu1 [1.806 kB]
Fetched 2.199 kB in 9s (233 kB/s)                                              
Selecting previously unselected package libgmpxx4ldbl:amd64.
(Reading database ... 133692 files and directories currently installed.)
Preparing to unpack .../libgmpxx4ldbl_2%3a6.1.2+dfsg-2_amd64.deb ...
Unpacking libgmpxx4ldbl:amd64 (2:6.1.2+dfsg-2) ...
Selecting previously unselected package libgmp-dev:amd64.
Preparing to unpack .../libgmp-dev_2%3a6.1.2+dfsg-2_amd64.deb ...
Unpacking libgmp-dev:amd64 (2:6.1.2+dfsg-2) ...
Selecting previously unselected package ruby2.5-dev:amd64.
Preparing to unpack .../ruby2.5-dev_2.5.1-1ubuntu1_amd64.deb ...
Unpacking ruby2.5-dev:amd64 (2.5.1-1ubuntu1) ...
Selecting previously unselected package ruby-dev:amd64.
Preparing to unpack .../ruby-dev_1%3a2.5.1_amd64.deb ...
Unpacking ruby-dev:amd64 (1:2.5.1) ...
Selecting previously unselected package ruby2.5-doc.
Preparing to unpack .../ruby2.5-doc_2.5.1-1ubuntu1_all.deb ...
Unpacking ruby2.5-doc (2.5.1-1ubuntu1) ...
Processing triggers for libc-bin (2.27-3ubuntu1) ...
Setting up ruby2.5-doc (2.5.1-1ubuntu1) ...
Setting up libgmpxx4ldbl:amd64 (2:6.1.2+dfsg-2) ...
Setting up libgmp-dev:amd64 (2:6.1.2+dfsg-2) ...
Setting up ruby2.5-dev:amd64 (2.5.1-1ubuntu1) ...
Setting up ruby-dev:amd64 (1:2.5.1) ...
Processing triggers for libc-bin (2.27-3ubuntu1) ...
daveralo@daveralo:~$ gem install rails
ERROR:  While executing gem ... (Gem::FilePermissionError)
    You don't have write permissions for the /var/lib/gems/2.5.0 directory.
daveralo@daveralo:~$ sudo gem install rails
Building native extensions. This could take a while...
ERROR:  Error installing rails:
	ERROR: Failed to build gem native extension.

    current directory: /var/lib/gems/2.5.0/gems/nokogiri-1.8.4/ext/nokogiri
/usr/bin/ruby2.5 -r ./siteconf20180809-6032-1t4ao4x.rb extconf.rb
checking if the C compiler accepts ... yes
Building nokogiri using packaged libraries.
Using mini_portile version 2.3.0
checking for gzdopen() in -lz... no
zlib is missing; necessary for building libxml2
*** extconf.rb failed ***
Could not create Makefile due to some reason, probably lack of necessary
libraries and/or headers.  Check the mkmf.log file for more details.  You may
need configuration options.

Provided configuration options:
	--with-opt-dir
	--without-opt-dir
	--with-opt-include
	--without-opt-include=${opt-dir}/include
	--with-opt-lib
	--without-opt-lib=${opt-dir}/lib
	--with-make-prog
	--without-make-prog
	--srcdir=.
	--curdir
	--ruby=/usr/bin/$(RUBY_BASE_NAME)2.5
	--help
	--clean
	--use-system-libraries
	--enable-static
	--disable-static
	--with-zlib-dir
	--without-zlib-dir
	--with-zlib-include
	--without-zlib-include=${zlib-dir}/include
	--with-zlib-lib
	--without-zlib-lib=${zlib-dir}/lib
	--enable-cross-build
	--disable-cross-build

To see why this extension failed to compile, please check the mkmf.log which can be found here:

  /var/lib/gems/2.5.0/extensions/x86_64-linux/2.5.0/nokogiri-1.8.4/mkmf.log

extconf failed, exit code 1

Gem files will remain installed in /var/lib/gems/2.5.0/gems/nokogiri-1.8.4 for inspection.
Results logged to /var/lib/gems/2.5.0/extensions/x86_64-linux/2.5.0/nokogiri-1.8.4/gem_make.out
daveralo@daveralo:~$ 
daveralo@daveralo:~$ 
daveralo@daveralo:~$ 
daveralo@daveralo:~$ 
daveralo@daveralo:~$ rails --version

Command 'rails' not found, but can be installed with:

sudo apt install ruby-railties

daveralo@daveralo:~$ sudo gem install rails
Building native extensions. This could take a while...
ERROR:  Error installing rails:
	ERROR: Failed to build gem native extension.

    current directory: /var/lib/gems/2.5.0/gems/nokogiri-1.8.4/ext/nokogiri
/usr/bin/ruby2.5 -r ./siteconf20180809-6088-5kph2d.rb extconf.rb
checking if the C compiler accepts ... yes
Building nokogiri using packaged libraries.
Using mini_portile version 2.3.0
checking for gzdopen() in -lz... no
zlib is missing; necessary for building libxml2
*** extconf.rb failed ***
Could not create Makefile due to some reason, probably lack of necessary
libraries and/or headers.  Check the mkmf.log file for more details.  You may
need configuration options.

Provided configuration options:
	--with-opt-dir
	--without-opt-dir
	--with-opt-include
	--without-opt-include=${opt-dir}/include
	--with-opt-lib
	--without-opt-lib=${opt-dir}/lib
	--with-make-prog
	--without-make-prog
	--srcdir=.
	--curdir
	--ruby=/usr/bin/$(RUBY_BASE_NAME)2.5
	--help
	--clean
	--use-system-libraries
	--enable-static
	--disable-static
	--with-zlib-dir
	--without-zlib-dir
	--with-zlib-include
	--without-zlib-include=${zlib-dir}/include
	--with-zlib-lib
	--without-zlib-lib=${zlib-dir}/lib
	--enable-cross-build
	--disable-cross-build

To see why this extension failed to compile, please check the mkmf.log which can be found here:

  /var/lib/gems/2.5.0/extensions/x86_64-linux/2.5.0/nokogiri-1.8.4/mkmf.log

extconf failed, exit code 1

Gem files will remain installed in /var/lib/gems/2.5.0/gems/nokogiri-1.8.4 for inspection.
Results logged to /var/lib/gems/2.5.0/extensions/x86_64-linux/2.5.0/nokogiri-1.8.4/gem_make.out
daveralo@daveralo:~$ sudo apt-get update
Hit:1 http://co.archive.ubuntu.com/ubuntu bionic InRelease
Hit:2 http://co.archive.ubuntu.com/ubuntu bionic-updates InRelease             
Hit:3 http://co.archive.ubuntu.com/ubuntu bionic-backports InRelease           
Get:4 http://security.ubuntu.com/ubuntu bionic-security InRelease [83,2 kB]    
Get:5 http://security.ubuntu.com/ubuntu bionic-security/main amd64 DEP-11 Metadata [204 B]
Get:6 http://security.ubuntu.com/ubuntu bionic-security/universe amd64 DEP-11 Metadata [5.804 B]
Fetched 89,2 kB in 3s (34,2 kB/s)           
Reading package lists... Done
daveralo@daveralo:~$ sudo apt-get install curl
Reading package lists... Done
Building dependency tree       
Reading state information... Done
The following additional packages will be installed:
  libcurl4
The following NEW packages will be installed:
  curl libcurl4
0 upgraded, 2 newly installed, 0 to remove and 201 not upgraded.
Need to get 373 kB of archives.
After this operation, 1.036 kB of additional disk space will be used.
Do you want to continue? [Y/n] Y
Get:1 http://co.archive.ubuntu.com/ubuntu bionic-updates/main amd64 libcurl4 amd64 7.58.0-2ubuntu3.2 [214 kB]
Get:2 http://co.archive.ubuntu.com/ubuntu bionic-updates/main amd64 curl amd64 7.58.0-2ubuntu3.2 [159 kB]
Fetched 373 kB in 3s (126 kB/s)
Selecting previously unselected package libcurl4:amd64.
(Reading database ... 148365 files and directories currently installed.)
Preparing to unpack .../libcurl4_7.58.0-2ubuntu3.2_amd64.deb ...
Unpacking libcurl4:amd64 (7.58.0-2ubuntu3.2) ...
Selecting previously unselected package curl.
Preparing to unpack .../curl_7.58.0-2ubuntu3.2_amd64.deb ...
Unpacking curl (7.58.0-2ubuntu3.2) ...
Setting up libcurl4:amd64 (7.58.0-2ubuntu3.2) ...
Processing triggers for libc-bin (2.27-3ubuntu1) ...
Processing triggers for man-db (2.8.3-2) ...
Setting up curl (7.58.0-2ubuntu3.2) ...
daveralo@daveralo:~$ sudo gem install rails
Building native extensions. This could take a while...
ERROR:  Error installing rails:
	ERROR: Failed to build gem native extension.

    current directory: /var/lib/gems/2.5.0/gems/nokogiri-1.8.4/ext/nokogiri
/usr/bin/ruby2.5 -r ./siteconf20180809-6791-1oqma50.rb extconf.rb
checking if the C compiler accepts ... yes
Building nokogiri using packaged libraries.
Using mini_portile version 2.3.0
checking for gzdopen() in -lz... no
zlib is missing; necessary for building libxml2
*** extconf.rb failed ***
Could not create Makefile due to some reason, probably lack of necessary
libraries and/or headers.  Check the mkmf.log file for more details.  You may
need configuration options.

Provided configuration options:
	--with-opt-dir
	--without-opt-dir
	--with-opt-include
	--without-opt-include=${opt-dir}/include
	--with-opt-lib
	--without-opt-lib=${opt-dir}/lib
	--with-make-prog
	--without-make-prog
	--srcdir=.
	--curdir
	--ruby=/usr/bin/$(RUBY_BASE_NAME)2.5
	--help
	--clean
	--use-system-libraries
	--enable-static
	--disable-static
	--with-zlib-dir
	--without-zlib-dir
	--with-zlib-include
	--without-zlib-include=${zlib-dir}/include
	--with-zlib-lib
	--without-zlib-lib=${zlib-dir}/lib
	--enable-cross-build
	--disable-cross-build

To see why this extension failed to compile, please check the mkmf.log which can be found here:

  /var/lib/gems/2.5.0/extensions/x86_64-linux/2.5.0/nokogiri-1.8.4/mkmf.log

extconf failed, exit code 1

Gem files will remain installed in /var/lib/gems/2.5.0/gems/nokogiri-1.8.4 for inspection.
Results logged to /var/lib/gems/2.5.0/extensions/x86_64-linux/2.5.0/nokogiri-1.8.4/gem_make.out
daveralo@daveralo:~$ ^C
daveralo@daveralo:~$ 
daveralo@daveralo:~$ 
daveralo@daveralo:~$ rvm requirements

Command 'rvm' not found, but there are 21 similar ones.

daveralo@daveralo:~$ sudo apt install ruby-dev
Reading package lists... Done
Building dependency tree       
Reading state information... Done
ruby-dev is already the newest version (1:2.5.1).
0 upgraded, 0 newly installed, 0 to remove and 201 not upgraded.
daveralo@daveralo:~$ sudo gem install rails
Building native extensions. This could take a while...
ERROR:  Error installing rails:
	ERROR: Failed to build gem native extension.

    current directory: /var/lib/gems/2.5.0/gems/nokogiri-1.8.4/ext/nokogiri
/usr/bin/ruby2.5 -r ./siteconf20180809-6868-1d6olyk.rb extconf.rb
checking if the C compiler accepts ... yes
Building nokogiri using packaged libraries.
Using mini_portile version 2.3.0
checking for gzdopen() in -lz... no
zlib is missing; necessary for building libxml2
*** extconf.rb failed ***
Could not create Makefile due to some reason, probably lack of necessary
libraries and/or headers.  Check the mkmf.log file for more details.  You may
need configuration options.

Provided configuration options:
	--with-opt-dir
	--without-opt-dir
	--with-opt-include
	--without-opt-include=${opt-dir}/include
	--with-opt-lib
	--without-opt-lib=${opt-dir}/lib
	--with-make-prog
	--without-make-prog
	--srcdir=.
	--curdir
	--ruby=/usr/bin/$(RUBY_BASE_NAME)2.5
	--help
	--clean
	--use-system-libraries
	--enable-static
	--disable-static
	--with-zlib-dir
	--without-zlib-dir
	--with-zlib-include
	--without-zlib-include=${zlib-dir}/include
	--with-zlib-lib
	--without-zlib-lib=${zlib-dir}/lib
	--enable-cross-build
	--disable-cross-build

To see why this extension failed to compile, please check the mkmf.log which can be found here:

  /var/lib/gems/2.5.0/extensions/x86_64-linux/2.5.0/nokogiri-1.8.4/mkmf.log

extconf failed, exit code 1

Gem files will remain installed in /var/lib/gems/2.5.0/gems/nokogiri-1.8.4 for inspection.
Results logged to /var/lib/gems/2.5.0/extensions/x86_64-linux/2.5.0/nokogiri-1.8.4/gem_make.out
daveralo@daveralo:~$ sudo apt-get install autoconf bison build-essential libssl-dev libyaml-dev libreadline6-dev zlib1g-dev libncurses5-dev libffi-dev libgdbm3 libgdbm-dev
Reading package lists... Done
Building dependency tree       
Reading state information... Done
Note, selecting 'libreadline-dev' instead of 'libreadline6-dev'
E: Unable to locate package libgdbm3
daveralo@daveralo:~$ sudo apt-get install autoconf bison build-essential libssl-dev libyaml-dev libreadline6-dev zlib1g-dev libncurses5-dev libffi-dev  libgdbm-dev
Reading package lists... Done
Building dependency tree       
Reading state information... Done
Note, selecting 'libreadline-dev' instead of 'libreadline6-dev'
build-essential is already the newest version (12.4ubuntu1).
The following additional packages will be installed:
  automake autotools-dev libbison-dev libsigsegv2 libssl-doc libtinfo-dev m4
Suggested packages:
  autoconf-archive gnu-standards autoconf-doc libtool bison-doc ncurses-doc
  readline-doc libyaml-doc m4-doc
The following NEW packages will be installed:
  autoconf automake autotools-dev bison libbison-dev libffi-dev libgdbm-dev
  libncurses5-dev libreadline-dev libsigsegv2 libssl-dev libssl-doc
  libtinfo-dev libyaml-dev m4 zlib1g-dev
0 upgraded, 16 newly installed, 0 to remove and 201 not upgraded.
Need to get 5.170 kB of archives.
After this operation, 20,7 MB of additional disk space will be used.
Do you want to continue? [Y/n] Y
Get:1 http://co.archive.ubuntu.com/ubuntu bionic/main amd64 libsigsegv2 amd64 2.12-1 [14,7 kB]
Get:2 http://co.archive.ubuntu.com/ubuntu bionic/main amd64 m4 amd64 1.4.18-1 [197 kB]
Get:3 http://co.archive.ubuntu.com/ubuntu bionic/main amd64 autoconf all 2.69-11 [322 kB]
Get:4 http://co.archive.ubuntu.com/ubuntu bionic/main amd64 autotools-dev all 20180224.1 [39,6 kB]
Get:5 http://co.archive.ubuntu.com/ubuntu bionic/main amd64 automake all 1:1.15.1-3ubuntu2 [509 kB]
Get:6 http://co.archive.ubuntu.com/ubuntu bionic/main amd64 libbison-dev amd64 2:3.0.4.dfsg-1build1 [339 kB]
Get:7 http://co.archive.ubuntu.com/ubuntu bionic/main amd64 bison amd64 2:3.0.4.dfsg-1build1 [266 kB]
Get:8 http://co.archive.ubuntu.com/ubuntu bionic/main amd64 libgdbm-dev amd64 1.14.1-6 [79,3 kB]
Get:9 http://co.archive.ubuntu.com/ubuntu bionic-updates/main amd64 libtinfo-dev amd64 6.1-1ubuntu1.18.04 [81,3 kB]
Get:10 http://co.archive.ubuntu.com/ubuntu bionic-updates/main amd64 libncurses5-dev amd64 6.1-1ubuntu1.18.04 [174 kB]
Get:11 http://co.archive.ubuntu.com/ubuntu bionic/main amd64 libreadline-dev amd64 7.0-3 [133 kB]
Get:12 http://co.archive.ubuntu.com/ubuntu bionic-updates/main amd64 libssl-dev amd64 1.1.0g-2ubuntu4.1 [1.372 kB]
Get:13 http://co.archive.ubuntu.com/ubuntu bionic-updates/main amd64 libssl-doc all 1.1.0g-2ubuntu4.1 [1.255 kB]
Get:14 http://co.archive.ubuntu.com/ubuntu bionic/main amd64 zlib1g-dev amd64 1:1.2.11.dfsg-0ubuntu2 [176 kB]
Get:15 http://co.archive.ubuntu.com/ubuntu bionic/main amd64 libffi-dev amd64 3.2.1-8 [156 kB]
Get:16 http://co.archive.ubuntu.com/ubuntu bionic/main amd64 libyaml-dev amd64 0.1.7-2ubuntu3 [55,7 kB]
Fetched 5.170 kB in 14s (367 kB/s)                                             
Selecting previously unselected package libsigsegv2:amd64.
(Reading database ... 148378 files and directories currently installed.)
Preparing to unpack .../00-libsigsegv2_2.12-1_amd64.deb ...
Unpacking libsigsegv2:amd64 (2.12-1) ...
Selecting previously unselected package m4.
Preparing to unpack .../01-m4_1.4.18-1_amd64.deb ...
Unpacking m4 (1.4.18-1) ...
Selecting previously unselected package autoconf.
Preparing to unpack .../02-autoconf_2.69-11_all.deb ...
Unpacking autoconf (2.69-11) ...
Selecting previously unselected package autotools-dev.
Preparing to unpack .../03-autotools-dev_20180224.1_all.deb ...
Unpacking autotools-dev (20180224.1) ...
Selecting previously unselected package automake.
Preparing to unpack .../04-automake_1%3a1.15.1-3ubuntu2_all.deb ...
Unpacking automake (1:1.15.1-3ubuntu2) ...
Selecting previously unselected package libbison-dev:amd64.
Preparing to unpack .../05-libbison-dev_2%3a3.0.4.dfsg-1build1_amd64.deb ...
Unpacking libbison-dev:amd64 (2:3.0.4.dfsg-1build1) ...
Selecting previously unselected package bison.
Preparing to unpack .../06-bison_2%3a3.0.4.dfsg-1build1_amd64.deb ...
Unpacking bison (2:3.0.4.dfsg-1build1) ...
Selecting previously unselected package libgdbm-dev:amd64.
Preparing to unpack .../07-libgdbm-dev_1.14.1-6_amd64.deb ...
Unpacking libgdbm-dev:amd64 (1.14.1-6) ...
Selecting previously unselected package libtinfo-dev:amd64.
Preparing to unpack .../08-libtinfo-dev_6.1-1ubuntu1.18.04_amd64.deb ...
Unpacking libtinfo-dev:amd64 (6.1-1ubuntu1.18.04) ...
Selecting previously unselected package libncurses5-dev:amd64.
Preparing to unpack .../09-libncurses5-dev_6.1-1ubuntu1.18.04_amd64.deb ...
Unpacking libncurses5-dev:amd64 (6.1-1ubuntu1.18.04) ...
Selecting previously unselected package libreadline-dev:amd64.
Preparing to unpack .../10-libreadline-dev_7.0-3_amd64.deb ...
Unpacking libreadline-dev:amd64 (7.0-3) ...
Selecting previously unselected package libssl-dev:amd64.
Preparing to unpack .../11-libssl-dev_1.1.0g-2ubuntu4.1_amd64.deb ...
Unpacking libssl-dev:amd64 (1.1.0g-2ubuntu4.1) ...
Selecting previously unselected package libssl-doc.
Preparing to unpack .../12-libssl-doc_1.1.0g-2ubuntu4.1_all.deb ...
Unpacking libssl-doc (1.1.0g-2ubuntu4.1) ...
Selecting previously unselected package zlib1g-dev:amd64.
Preparing to unpack .../13-zlib1g-dev_1%3a1.2.11.dfsg-0ubuntu2_amd64.deb ...
Unpacking zlib1g-dev:amd64 (1:1.2.11.dfsg-0ubuntu2) ...
Selecting previously unselected package libffi-dev:amd64.
Preparing to unpack .../14-libffi-dev_3.2.1-8_amd64.deb ...
Unpacking libffi-dev:amd64 (3.2.1-8) ...
Selecting previously unselected package libyaml-dev:amd64.
Preparing to unpack .../15-libyaml-dev_0.1.7-2ubuntu3_amd64.deb ...
Unpacking libyaml-dev:amd64 (0.1.7-2ubuntu3) ...
Setting up libgdbm-dev:amd64 (1.14.1-6) ...
Setting up libsigsegv2:amd64 (2.12-1) ...
Processing triggers for install-info (6.5.0.dfsg.1-2) ...
Setting up libssl-dev:amd64 (1.1.0g-2ubuntu4.1) ...
Setting up libtinfo-dev:amd64 (6.1-1ubuntu1.18.04) ...
Setting up libffi-dev:amd64 (3.2.1-8) ...
Setting up libyaml-dev:amd64 (0.1.7-2ubuntu3) ...
Setting up m4 (1.4.18-1) ...
Setting up libncurses5-dev:amd64 (6.1-1ubuntu1.18.04) ...
Processing triggers for libc-bin (2.27-3ubuntu1) ...
Setting up autotools-dev (20180224.1) ...
Setting up libreadline-dev:amd64 (7.0-3) ...
Setting up libbison-dev:amd64 (2:3.0.4.dfsg-1build1) ...
Processing triggers for man-db (2.8.3-2) ...
Setting up libssl-doc (1.1.0g-2ubuntu4.1) ...
Setting up bison (2:3.0.4.dfsg-1build1) ...
update-alternatives: using /usr/bin/bison.yacc to provide /usr/bin/yacc (yacc) in auto mode
Setting up zlib1g-dev:amd64 (1:1.2.11.dfsg-0ubuntu2) ...
Setting up autoconf (2.69-11) ...
Setting up automake (1:1.15.1-3ubuntu2) ...
update-alternatives: using /usr/bin/automake-1.15 to provide /usr/bin/automake (automake) in auto mode
daveralo@daveralo:~$ gem install rails
ERROR:  While executing gem ... (Gem::FilePermissionError)
    You don't have write permissions for the /var/lib/gems/2.5.0 directory.
daveralo@daveralo:~$ sudo gem install rails
Building native extensions. This could take a while...
Successfully installed nokogiri-1.8.4
Fetching: crass-1.0.4.gem (100%)
Successfully installed crass-1.0.4
Fetching: loofah-2.2.2.gem (100%)
Successfully installed loofah-2.2.2
Fetching: rails-html-sanitizer-1.0.4.gem (100%)
Successfully installed rails-html-sanitizer-1.0.4
Fetching: rails-dom-testing-2.0.3.gem (100%)
Successfully installed rails-dom-testing-2.0.3
Fetching: builder-3.2.3.gem (100%)
Successfully installed builder-3.2.3
Fetching: erubi-1.7.1.gem (100%)
Successfully installed erubi-1.7.1
Fetching: actionview-5.2.1.gem (100%)
Successfully installed actionview-5.2.1
Fetching: actionpack-5.2.1.gem (100%)
Successfully installed actionpack-5.2.1
Fetching: activemodel-5.2.1.gem (100%)
Successfully installed activemodel-5.2.1
Fetching: arel-9.0.0.gem (100%)
Successfully installed arel-9.0.0
Fetching: activerecord-5.2.1.gem (100%)
Successfully installed activerecord-5.2.1
Fetching: globalid-0.4.1.gem (100%)
Successfully installed globalid-0.4.1
Fetching: activejob-5.2.1.gem (100%)
Successfully installed activejob-5.2.1
Fetching: mini_mime-1.0.0.gem (100%)
Successfully installed mini_mime-1.0.0
Fetching: mail-2.7.0.gem (100%)
Successfully installed mail-2.7.0
Fetching: actionmailer-5.2.1.gem (100%)
Successfully installed actionmailer-5.2.1
Fetching: nio4r-2.3.1.gem (100%)
Building native extensions. This could take a while...
Successfully installed nio4r-2.3.1
Fetching: websocket-extensions-0.1.3.gem (100%)
Successfully installed websocket-extensions-0.1.3
Fetching: websocket-driver-0.7.0.gem (100%)
Building native extensions. This could take a while...
Successfully installed websocket-driver-0.7.0
Fetching: actioncable-5.2.1.gem (100%)
Successfully installed actioncable-5.2.1
Fetching: mimemagic-0.3.2.gem (100%)
Successfully installed mimemagic-0.3.2
Fetching: marcel-0.3.2.gem (100%)
Successfully installed marcel-0.3.2
Fetching: activestorage-5.2.1.gem (100%)
Successfully installed activestorage-5.2.1
Fetching: thor-0.20.0.gem (100%)
Successfully installed thor-0.20.0
Fetching: method_source-0.9.0.gem (100%)
Successfully installed method_source-0.9.0
Fetching: railties-5.2.1.gem (100%)
Successfully installed railties-5.2.1
Fetching: bundler-1.16.3.gem (100%)
Successfully installed bundler-1.16.3
Fetching: sprockets-3.7.2.gem (100%)
Successfully installed sprockets-3.7.2
Fetching: sprockets-rails-3.2.1.gem (100%)
Successfully installed sprockets-rails-3.2.1
Fetching: rails-5.2.1.gem (100%)
Successfully installed rails-5.2.1
Parsing documentation for nokogiri-1.8.4
Installing ri documentation for nokogiri-1.8.4
Parsing documentation for crass-1.0.4
Installing ri documentation for crass-1.0.4
Parsing documentation for loofah-2.2.2
Installing ri documentation for loofah-2.2.2
Parsing documentation for rails-html-sanitizer-1.0.4
Installing ri documentation for rails-html-sanitizer-1.0.4
Parsing documentation for rails-dom-testing-2.0.3
Installing ri documentation for rails-dom-testing-2.0.3
Parsing documentation for builder-3.2.3
Installing ri documentation for builder-3.2.3
Parsing documentation for erubi-1.7.1
Installing ri documentation for erubi-1.7.1
Parsing documentation for actionview-5.2.1
Installing ri documentation for actionview-5.2.1
Parsing documentation for actionpack-5.2.1
Installing ri documentation for actionpack-5.2.1
Parsing documentation for activemodel-5.2.1
Installing ri documentation for activemodel-5.2.1
Parsing documentation for arel-9.0.0
Installing ri documentation for arel-9.0.0
Parsing documentation for activerecord-5.2.1
Installing ri documentation for activerecord-5.2.1
Parsing documentation for globalid-0.4.1
Installing ri documentation for globalid-0.4.1
Parsing documentation for activejob-5.2.1
Installing ri documentation for activejob-5.2.1
Parsing documentation for mini_mime-1.0.0
Installing ri documentation for mini_mime-1.0.0
Parsing documentation for mail-2.7.0
Installing ri documentation for mail-2.7.0
Parsing documentation for actionmailer-5.2.1
Installing ri documentation for actionmailer-5.2.1
Parsing documentation for nio4r-2.3.1
Installing ri documentation for nio4r-2.3.1
Parsing documentation for websocket-extensions-0.1.3
Installing ri documentation for websocket-extensions-0.1.3
Parsing documentation for websocket-driver-0.7.0
Installing ri documentation for websocket-driver-0.7.0
Parsing documentation for actioncable-5.2.1
Installing ri documentation for actioncable-5.2.1
Parsing documentation for mimemagic-0.3.2
Installing ri documentation for mimemagic-0.3.2
Parsing documentation for marcel-0.3.2
Installing ri documentation for marcel-0.3.2
Parsing documentation for activestorage-5.2.1
Installing ri documentation for activestorage-5.2.1
Parsing documentation for thor-0.20.0
Installing ri documentation for thor-0.20.0
Parsing documentation for method_source-0.9.0
Installing ri documentation for method_source-0.9.0
Parsing documentation for railties-5.2.1
Installing ri documentation for railties-5.2.1
Parsing documentation for bundler-1.16.3
Installing ri documentation for bundler-1.16.3
Parsing documentation for sprockets-3.7.2
Installing ri documentation for sprockets-3.7.2
Parsing documentation for sprockets-rails-3.2.1
Installing ri documentation for sprockets-rails-3.2.1
Parsing documentation for rails-5.2.1
Installing ri documentation for rails-5.2.1
Done installing documentation for nokogiri, crass, loofah, rails-html-sanitizer, rails-dom-testing, builder, erubi, actionview, actionpack, activemodel, arel, activerecord, globalid, activejob, mini_mime, mail, actionmailer, nio4r, websocket-extensions, websocket-driver, actioncable, mimemagic, marcel, activestorage, thor, method_source, railties, bundler, sprockets, sprockets-rails, rails after 116 seconds
31 gems installed
daveralo@daveralo:~$ rails --version
Rails 5.2.1
daveralo@daveralo:~$ cd projects/
daveralo@daveralo:~/projects$ ls
grupo119
daveralo@daveralo:~/projects$ mkdir ror1
daveralo@daveralo:~/projects$ ls
grupo119  ror1
daveralo@daveralo:~/projects$ cd ror1/
daveralo@daveralo:~/projects/ror1$ ls
daveralo@daveralo:~/projects/ror1$ rails new ror1
      create  
      create  README.md
      create  Rakefile
      create  .ruby-version
      create  config.ru
      create  .gitignore
      create  Gemfile
         run  git init from "."
Initialized empty Git repository in /home/daveralo/projects/ror1/ror1/.git/
      create  package.json
      create  app
      create  app/assets/config/manifest.js
      create  app/assets/javascripts/application.js
      create  app/assets/javascripts/cable.js
      create  app/assets/stylesheets/application.css
      create  app/channels/application_cable/channel.rb
      create  app/channels/application_cable/connection.rb
      create  app/controllers/application_controller.rb
      create  app/helpers/application_helper.rb
      create  app/jobs/application_job.rb
      create  app/mailers/application_mailer.rb
      create  app/models/application_record.rb
      create  app/views/layouts/application.html.erb
      create  app/views/layouts/mailer.html.erb
      create  app/views/layouts/mailer.text.erb
      create  app/assets/images/.keep
      create  app/assets/javascripts/channels
      create  app/assets/javascripts/channels/.keep
      create  app/controllers/concerns/.keep
      create  app/models/concerns/.keep
      create  bin
      create  bin/bundle
      create  bin/rails
      create  bin/rake
      create  bin/setup
      create  bin/update
      create  bin/yarn
      create  config
      create  config/routes.rb
      create  config/application.rb
      create  config/environment.rb
      create  config/cable.yml
      create  config/puma.rb
      create  config/spring.rb
      create  config/storage.yml
      create  config/environments
      create  config/environments/development.rb
      create  config/environments/production.rb
      create  config/environments/test.rb
      create  config/initializers
      create  config/initializers/application_controller_renderer.rb
      create  config/initializers/assets.rb
      create  config/initializers/backtrace_silencers.rb
      create  config/initializers/content_security_policy.rb
      create  config/initializers/cookies_serializer.rb
      create  config/initializers/cors.rb
      create  config/initializers/filter_parameter_logging.rb
      create  config/initializers/inflections.rb
      create  config/initializers/mime_types.rb
      create  config/initializers/new_framework_defaults_5_2.rb
      create  config/initializers/wrap_parameters.rb
      create  config/locales
      create  config/locales/en.yml
      create  config/master.key
      append  .gitignore
      create  config/boot.rb
      create  config/database.yml
      create  db
      create  db/seeds.rb
      create  lib
      create  lib/tasks
      create  lib/tasks/.keep
      create  lib/assets
      create  lib/assets/.keep
      create  log
      create  log/.keep
      create  public
      create  public/404.html
      create  public/422.html
      create  public/500.html
      create  public/apple-touch-icon-precomposed.png
      create  public/apple-touch-icon.png
      create  public/favicon.ico
      create  public/robots.txt
      create  tmp
      create  tmp/.keep
      create  tmp/cache
      create  tmp/cache/assets
      create  vendor
      create  vendor/.keep
      create  test/fixtures
      create  test/fixtures/.keep
      create  test/fixtures/files
      create  test/fixtures/files/.keep
      create  test/controllers
      create  test/controllers/.keep
      create  test/mailers
      create  test/mailers/.keep
      create  test/models
      create  test/models/.keep
      create  test/helpers
      create  test/helpers/.keep
      create  test/integration
      create  test/integration/.keep
      create  test/test_helper.rb
      create  test/system
      create  test/system/.keep
      create  test/application_system_test_case.rb
      create  storage
      create  storage/.keep
      create  tmp/storage
      create  tmp/storage/.keep
      remove  config/initializers/cors.rb
      remove  config/initializers/new_framework_defaults_5_2.rb
         run  bundle install
The dependency tzinfo-data (>= 0) will be unused by any of the platforms Bundler is installing for. Bundler is installing for ruby but the dependency is only for x86-mingw32, x86-mswin32, x64-mingw32, java. To add those platforms to the bundle, run `bundle lock --add-platform x86-mingw32 x86-mswin32 x64-mingw32 java`.
Fetching gem metadata from https://rubygems.org/.........
Fetching gem metadata from https://rubygems.org/.
Resolving dependencies.....
Using rake 12.3.1
Using concurrent-ruby 1.0.5
Using i18n 1.1.0
Fetching minitest 5.11.3


Your user account isn't allowed to install to the system RubyGems.
  You can cancel this installation and run:

      bundle install --path vendor/bundle

  to install the gems into ./vendor/bundle/, or you can enter your password
  and install the bundled gems to RubyGems using sudo.

  Password: 


Your user account isn't allowed to install to the system RubyGems.
  You can cancel this installation and run:

      bundle install --path vendor/bundle

  to install the gems into ./vendor/bundle/, or you can enter your password
  and install the bundled gems to RubyGems using sudo.

  Password: 
Installing minitest 5.11.3
Using thread_safe 0.3.6
Using tzinfo 1.2.5
Using activesupport 5.2.1
Using builder 3.2.3
Using erubi 1.7.1
Using mini_portile2 2.3.0
Using nokogiri 1.8.4
Using rails-dom-testing 2.0.3
Using crass 1.0.4
Using loofah 2.2.2
Using rails-html-sanitizer 1.0.4
Using actionview 5.2.1
Using rack 2.0.5
Using rack-test 1.1.0
Using actionpack 5.2.1
Using nio4r 2.3.1
Using websocket-extensions 0.1.3
Using websocket-driver 0.7.0
Using actioncable 5.2.1
Using globalid 0.4.1
Using activejob 5.2.1
Using mini_mime 1.0.0
Using mail 2.7.0
Using actionmailer 5.2.1
Using activemodel 5.2.1
Using arel 9.0.0
Using activerecord 5.2.1
Using mimemagic 0.3.2
Using marcel 0.3.2
Using activestorage 5.2.1
Fetching public_suffix 3.0.2
Installing public_suffix 3.0.2
Fetching addressable 2.5.2
Installing addressable 2.5.2
Fetching io-like 0.3.0
Installing io-like 0.3.0
Fetching archive-zip 0.11.0
Installing archive-zip 0.11.0
Fetching bindex 0.5.0
Installing bindex 0.5.0 with native extensions
Fetching msgpack 1.2.4
Installing msgpack 1.2.4 with native extensions
Fetching bootsnap 1.3.1
Installing bootsnap 1.3.1 with native extensions
Using bundler 1.16.3
Fetching byebug 10.0.2
Installing byebug 10.0.2 with native extensions
Fetching xpath 3.1.0
Installing xpath 3.1.0
Fetching capybara 3.5.1
Installing capybara 3.5.1
Fetching ffi 1.9.25
Installing ffi 1.9.25 with native extensions
Fetching childprocess 0.9.0
Installing childprocess 0.9.0
Fetching chromedriver-helper 1.2.0
Installing chromedriver-helper 1.2.0
Fetching coffee-script-source 1.12.2
Installing coffee-script-source 1.12.2
Fetching execjs 2.7.0
Installing execjs 2.7.0
Fetching coffee-script 2.4.1
Installing coffee-script 2.4.1
Using method_source 0.9.0
Using thor 0.20.0
Using railties 5.2.1
Fetching coffee-rails 4.2.2
Installing coffee-rails 4.2.2
Fetching multi_json 1.13.1
Installing multi_json 1.13.1
Fetching jbuilder 2.7.0
Installing jbuilder 2.7.0
Fetching rb-fsevent 0.10.3
Installing rb-fsevent 0.10.3
Fetching rb-inotify 0.9.10
Installing rb-inotify 0.9.10
Fetching ruby_dep 1.5.0
Installing ruby_dep 1.5.0
Fetching listen 3.1.5
Installing listen 3.1.5
Fetching puma 3.12.0
Installing puma 3.12.0 with native extensions
Using sprockets 3.7.2
Using sprockets-rails 3.2.1
Using rails 5.2.1
Fetching rubyzip 1.2.1
Installing rubyzip 1.2.1
Fetching sass-listen 4.0.0
Installing sass-listen 4.0.0
Fetching sass 3.5.7
Installing sass 3.5.7
Fetching tilt 2.0.8
Installing tilt 2.0.8
Fetching sass-rails 5.0.7
Installing sass-rails 5.0.7
Fetching selenium-webdriver 3.14.0
Installing selenium-webdriver 3.14.0
Fetching spring 2.0.2
Installing spring 2.0.2
Fetching spring-watcher-listen 2.0.1
Installing spring-watcher-listen 2.0.1
Fetching sqlite3 1.3.13
Installing sqlite3 1.3.13 with native extensions
Gem::Ext::BuildError: ERROR: Failed to build gem native extension.

current directory:
/tmp/bundler20180809-19484-1luymyesqlite3-1.3.13/gems/sqlite3-1.3.13/ext/sqlite3
/usr/bin/ruby2.5 -r ./siteconf20180809-19484-neg90k.rb extconf.rb
checking for sqlite3.h... no
sqlite3.h is missing. Try 'brew install sqlite3',
'yum install sqlite-devel' or 'apt-get install libsqlite3-dev'
and check your shared library search path (the
location where your sqlite3 shared library is located).
*** extconf.rb failed ***
Could not create Makefile due to some reason, probably lack of necessary
libraries and/or headers.  Check the mkmf.log file for more details.  You may
need configuration options.

Provided configuration options:
	--with-opt-dir
	--without-opt-dir
	--with-opt-include
	--without-opt-include=${opt-dir}/include
	--with-opt-lib
	--without-opt-lib=${opt-dir}/lib
	--with-make-prog
	--without-make-prog
	--srcdir=.
	--curdir
	--ruby=/usr/bin/$(RUBY_BASE_NAME)2.5
	--with-sqlite3-config
	--without-sqlite3-config
	--with-pkg-config
	--without-pkg-config
	--with-sqlite3-dir
	--without-sqlite3-dir
	--with-sqlite3-include
	--without-sqlite3-include=${sqlite3-dir}/include
	--with-sqlite3-lib
	--without-sqlite3-lib=${sqlite3-dir}/lib

To see why this extension failed to compile, please check the mkmf.log which can
be found here:

/tmp/bundler20180809-19484-1luymyesqlite3-1.3.13/extensions/x86_64-linux/2.5.0/sqlite3-1.3.13/mkmf.log

extconf failed, exit code 1

Gem files will remain installed in
/tmp/bundler20180809-19484-1luymyesqlite3-1.3.13/gems/sqlite3-1.3.13 for
inspection.
Results logged to
/tmp/bundler20180809-19484-1luymyesqlite3-1.3.13/extensions/x86_64-linux/2.5.0/sqlite3-1.3.13/gem_make.out

An error occurred while installing sqlite3 (1.3.13), and Bundler cannot
continue.
Make sure that `gem install sqlite3 -v '1.3.13' --source
'https://rubygems.org/'` succeeds before bundling.

In Gemfile:
  sqlite3
         run  bundle exec spring binstub --all
Could not find gem 'sqlite3' in any of the gem sources listed in your Gemfile.
Run `bundle install` to install missing gems.
daveralo@daveralo:~/projects/ror1$ ls
ror1
daveralo@daveralo:~/projects/ror1$ cd ror1/
daveralo@daveralo:~/projects/ror1/ror1$ rails S
Could not find gem 'sqlite3' in any of the gem sources listed in your Gemfile.
Run `bundle install` to install missing gems.
daveralo@daveralo:~/projects/ror1/ror1$ bundle install
The dependency tzinfo-data (>= 0) will be unused by any of the platforms Bundler is installing for. Bundler is installing for ruby but the dependency is only for x86-mingw32, x86-mswin32, x64-mingw32, java. To add those platforms to the bundle, run `bundle lock --add-platform x86-mingw32 x86-mswin32 x64-mingw32 java`.
Fetching gem metadata from https://rubygems.org/.........
Fetching gem metadata from https://rubygems.org/.
Resolving dependencies......
Using rake 12.3.1
Using concurrent-ruby 1.0.5
Using i18n 1.1.0
Using minitest 5.11.3
Using thread_safe 0.3.6
Using tzinfo 1.2.5
Using activesupport 5.2.1
Using builder 3.2.3
Using erubi 1.7.1
Using mini_portile2 2.3.0
Using nokogiri 1.8.4
Using rails-dom-testing 2.0.3
Using crass 1.0.4
Using loofah 2.2.2
Using rails-html-sanitizer 1.0.4
Using actionview 5.2.1
Using rack 2.0.5
Using rack-test 1.1.0
Using actionpack 5.2.1
Using nio4r 2.3.1
Using websocket-extensions 0.1.3
Using websocket-driver 0.7.0
Using actioncable 5.2.1
Using globalid 0.4.1
Using activejob 5.2.1
Using mini_mime 1.0.0
Using mail 2.7.0
Using actionmailer 5.2.1
Using activemodel 5.2.1
Using arel 9.0.0
Using activerecord 5.2.1
Using mimemagic 0.3.2
Using marcel 0.3.2
Using activestorage 5.2.1
Using public_suffix 3.0.2
Using addressable 2.5.2
Using io-like 0.3.0
Using archive-zip 0.11.0
Using bindex 0.5.0
Using msgpack 1.2.4
Using bootsnap 1.3.1
Using bundler 1.16.3
Using byebug 10.0.2
Using xpath 3.1.0
Using capybara 3.5.1
Using ffi 1.9.25
Using childprocess 0.9.0
Using chromedriver-helper 1.2.0
Using coffee-script-source 1.12.2
Using execjs 2.7.0
Using coffee-script 2.4.1
Using method_source 0.9.0
Using thor 0.20.0
Using railties 5.2.1
Using coffee-rails 4.2.2
Using multi_json 1.13.1
Using jbuilder 2.7.0
Using rb-fsevent 0.10.3
Using rb-inotify 0.9.10
Using ruby_dep 1.5.0
Using listen 3.1.5
Using puma 3.12.0
Using sprockets 3.7.2
Using sprockets-rails 3.2.1
Using rails 5.2.1
Using rubyzip 1.2.1
Using sass-listen 4.0.0
Using sass 3.5.7
Using tilt 2.0.8
Using sass-rails 5.0.7
Using selenium-webdriver 3.14.0
Using spring 2.0.2
Using spring-watcher-listen 2.0.1
Fetching sqlite3 1.3.13


Your user account isn't allowed to install to the system RubyGems.
  You can cancel this installation and run:

      bundle install --path vendor/bundle

  to install the gems into ./vendor/bundle/, or you can enter your password
  and install the bundled gems to RubyGems using sudo.

  Password: 
Installing sqlite3 1.3.13 with native extensions
Gem::Ext::BuildError: ERROR: Failed to build gem native extension.

current directory:
/tmp/bundler20180809-20807-1nugazvsqlite3-1.3.13/gems/sqlite3-1.3.13/ext/sqlite3
/usr/bin/ruby2.5 -r ./siteconf20180809-20807-1vtw7un.rb extconf.rb
checking for sqlite3.h... no
sqlite3.h is missing. Try 'brew install sqlite3',
'yum install sqlite-devel' or 'apt-get install libsqlite3-dev'
and check your shared library search path (the
location where your sqlite3 shared library is located).
*** extconf.rb failed ***
Could not create Makefile due to some reason, probably lack of necessary
libraries and/or headers.  Check the mkmf.log file for more details.  You may
need configuration options.

Provided configuration options:
	--with-opt-dir
	--without-opt-dir
	--with-opt-include
	--without-opt-include=${opt-dir}/include
	--with-opt-lib
	--without-opt-lib=${opt-dir}/lib
	--with-make-prog
	--without-make-prog
	--srcdir=.
	--curdir
	--ruby=/usr/bin/$(RUBY_BASE_NAME)2.5
	--with-sqlite3-config
	--without-sqlite3-config
	--with-pkg-config
	--without-pkg-config
	--with-sqlite3-dir
	--without-sqlite3-dir
	--with-sqlite3-include
	--without-sqlite3-include=${sqlite3-dir}/include
	--with-sqlite3-lib
	--without-sqlite3-lib=${sqlite3-dir}/lib

To see why this extension failed to compile, please check the mkmf.log which can
be found here:

/tmp/bundler20180809-20807-1nugazvsqlite3-1.3.13/extensions/x86_64-linux/2.5.0/sqlite3-1.3.13/mkmf.log

extconf failed, exit code 1

Gem files will remain installed in
/tmp/bundler20180809-20807-1nugazvsqlite3-1.3.13/gems/sqlite3-1.3.13 for
inspection.
Results logged to
/tmp/bundler20180809-20807-1nugazvsqlite3-1.3.13/extensions/x86_64-linux/2.5.0/sqlite3-1.3.13/gem_make.out

An error occurred while installing sqlite3 (1.3.13), and Bundler cannot
continue.
Make sure that `gem install sqlite3 -v '1.3.13' --source
'https://rubygems.org/'` succeeds before bundling.

In Gemfile:
  sqlite3
daveralo@daveralo:~/projects/ror1/ror1$ gem install sqlite3 -v '1.3.13' --sourceERROR:  While executing gem ... (OptionParser::MissingArgument)
    missing argument: --source
daveralo@daveralo:~/projects/ror1/ror1$ gem install sqlite3 -v '1.3.13'
Fetching: sqlite3-1.3.13.gem (100%)
ERROR:  While executing gem ... (Gem::FilePermissionError)
    You don't have write permissions for the /var/lib/gems/2.5.0 directory.
daveralo@daveralo:~/projects/ror1/ror1$ sudo gem install sqlite3 -v '1.3.13'
Building native extensions. This could take a while...
ERROR:  Error installing sqlite3:
	ERROR: Failed to build gem native extension.

    current directory: /var/lib/gems/2.5.0/gems/sqlite3-1.3.13/ext/sqlite3
/usr/bin/ruby2.5 -r ./siteconf20180809-20897-1i8x9km.rb extconf.rb
checking for sqlite3.h... no
sqlite3.h is missing. Try 'brew install sqlite3',
'yum install sqlite-devel' or 'apt-get install libsqlite3-dev'
and check your shared library search path (the
location where your sqlite3 shared library is located).
*** extconf.rb failed ***
Could not create Makefile due to some reason, probably lack of necessary
libraries and/or headers.  Check the mkmf.log file for more details.  You may
need configuration options.

Provided configuration options:
	--with-opt-dir
	--without-opt-dir
	--with-opt-include
	--without-opt-include=${opt-dir}/include
	--with-opt-lib
	--without-opt-lib=${opt-dir}/lib
	--with-make-prog
	--without-make-prog
	--srcdir=.
	--curdir
	--ruby=/usr/bin/$(RUBY_BASE_NAME)2.5
	--with-sqlite3-config
	--without-sqlite3-config
	--with-pkg-config
	--without-pkg-config
	--with-sqlite3-dir
	--without-sqlite3-dir
	--with-sqlite3-include
	--without-sqlite3-include=${sqlite3-dir}/include
	--with-sqlite3-lib
	--without-sqlite3-lib=${sqlite3-dir}/lib

To see why this extension failed to compile, please check the mkmf.log which can be found here:

  /var/lib/gems/2.5.0/extensions/x86_64-linux/2.5.0/sqlite3-1.3.13/mkmf.log

extconf failed, exit code 1

Gem files will remain installed in /var/lib/gems/2.5.0/gems/sqlite3-1.3.13 for inspection.
Results logged to /var/lib/gems/2.5.0/extensions/x86_64-linux/2.5.0/sqlite3-1.3.13/gem_make.out
daveralo@daveralo:~/projects/ror1/ror1$ brew install sqlite3

Command 'brew' not found, but can be installed with:

sudo apt install linuxbrew-wrapper

daveralo@daveralo:~/projects/ror1/ror1$ sudo apt-get install sqlite3
Reading package lists... Done
Building dependency tree       
Reading state information... Done
Suggested packages:
  sqlite3-doc
The following NEW packages will be installed:
  sqlite3
0 upgraded, 1 newly installed, 0 to remove and 201 not upgraded.
Need to get 751 kB of archives.
After this operation, 2.477 kB of additional disk space will be used.
Get:1 http://co.archive.ubuntu.com/ubuntu bionic/main amd64 sqlite3 amd64 3.22.0-1 [751 kB]
Fetched 751 kB in 4s (201 kB/s)  
Selecting previously unselected package sqlite3.
(Reading database ... 152151 files and directories currently installed.)
Preparing to unpack .../sqlite3_3.22.0-1_amd64.deb ...
Unpacking sqlite3 (3.22.0-1) ...
Setting up sqlite3 (3.22.0-1) ...
Processing triggers for man-db (2.8.3-2) ...
daveralo@daveralo:~/projects/ror1/ror1$ rails S
Could not find gem 'sqlite3' in any of the gem sources listed in your Gemfile.
Run `bundle install` to install missing gems.
daveralo@daveralo:~/projects/ror1/ror1$ bundle install
The dependency tzinfo-data (>= 0) will be unused by any of the platforms Bundler is installing for. Bundler is installing for ruby but the dependency is only for x86-mingw32, x86-mswin32, x64-mingw32, java. To add those platforms to the bundle, run `bundle lock --add-platform x86-mingw32 x86-mswin32 x64-mingw32 java`.
Fetching gem metadata from https://rubygems.org/.........
Fetching gem metadata from https://rubygems.org/.
Resolving dependencies......
Using rake 12.3.1
Using concurrent-ruby 1.0.5
Using i18n 1.1.0
Using minitest 5.11.3
Using thread_safe 0.3.6
Using tzinfo 1.2.5
Using activesupport 5.2.1
Using builder 3.2.3
Using erubi 1.7.1
Using mini_portile2 2.3.0
Using nokogiri 1.8.4
Using rails-dom-testing 2.0.3
Using crass 1.0.4
Using loofah 2.2.2
Using rails-html-sanitizer 1.0.4
Using actionview 5.2.1
Using rack 2.0.5
Using rack-test 1.1.0
Using actionpack 5.2.1
Using nio4r 2.3.1
Using websocket-extensions 0.1.3
Using websocket-driver 0.7.0
Using actioncable 5.2.1
Using globalid 0.4.1
Using activejob 5.2.1
Using mini_mime 1.0.0
Using mail 2.7.0
Using actionmailer 5.2.1
Using activemodel 5.2.1
Using arel 9.0.0
Using activerecord 5.2.1
Using mimemagic 0.3.2
Using marcel 0.3.2
Using activestorage 5.2.1
Using public_suffix 3.0.2
Using addressable 2.5.2
Using io-like 0.3.0
Using archive-zip 0.11.0
Using bindex 0.5.0
Using msgpack 1.2.4
Using bootsnap 1.3.1
Using bundler 1.16.3
Using byebug 10.0.2
Using xpath 3.1.0
Using capybara 3.5.1
Using ffi 1.9.25
Using childprocess 0.9.0
Using chromedriver-helper 1.2.0
Using coffee-script-source 1.12.2
Using execjs 2.7.0
Using coffee-script 2.4.1
Using method_source 0.9.0
Using thor 0.20.0
Using railties 5.2.1
Using coffee-rails 4.2.2
Using multi_json 1.13.1
Using jbuilder 2.7.0
Using rb-fsevent 0.10.3
Using rb-inotify 0.9.10
Using ruby_dep 1.5.0
Using listen 3.1.5
Using puma 3.12.0
Using sprockets 3.7.2
Using sprockets-rails 3.2.1
Using rails 5.2.1
Using rubyzip 1.2.1
Using sass-listen 4.0.0
Using sass 3.5.7
Using tilt 2.0.8
Using sass-rails 5.0.7
Using selenium-webdriver 3.14.0
Using spring 2.0.2
Using spring-watcher-listen 2.0.1
Fetching sqlite3 1.3.13


Your user account isn't allowed to install to the system RubyGems.
  You can cancel this installation and run:

      bundle install --path vendor/bundle

  to install the gems into ./vendor/bundle/, or you can enter your password
  and install the bundled gems to RubyGems using sudo.

  Password: 
Installing sqlite3 1.3.13 with native extensions
Gem::Ext::BuildError: ERROR: Failed to build gem native extension.

current directory:
/tmp/bundler20180809-21310-q3th8vsqlite3-1.3.13/gems/sqlite3-1.3.13/ext/sqlite3
/usr/bin/ruby2.5 -r ./siteconf20180809-21310-12zlvjd.rb extconf.rb
checking for sqlite3.h... no
sqlite3.h is missing. Try 'brew install sqlite3',
'yum install sqlite-devel' or 'apt-get install libsqlite3-dev'
and check your shared library search path (the
location where your sqlite3 shared library is located).
*** extconf.rb failed ***
Could not create Makefile due to some reason, probably lack of necessary
libraries and/or headers.  Check the mkmf.log file for more details.  You may
need configuration options.

Provided configuration options:
	--with-opt-dir
	--without-opt-dir
	--with-opt-include
	--without-opt-include=${opt-dir}/include
	--with-opt-lib
	--without-opt-lib=${opt-dir}/lib
	--with-make-prog
	--without-make-prog
	--srcdir=.
	--curdir
	--ruby=/usr/bin/$(RUBY_BASE_NAME)2.5
	--with-sqlite3-config
	--without-sqlite3-config
	--with-pkg-config
	--without-pkg-config
	--with-sqlite3-dir
	--without-sqlite3-dir
	--with-sqlite3-include
	--without-sqlite3-include=${sqlite3-dir}/include
	--with-sqlite3-lib
	--without-sqlite3-lib=${sqlite3-dir}/lib

To see why this extension failed to compile, please check the mkmf.log which can
be found here:

/tmp/bundler20180809-21310-q3th8vsqlite3-1.3.13/extensions/x86_64-linux/2.5.0/sqlite3-1.3.13/mkmf.log

extconf failed, exit code 1

Gem files will remain installed in
/tmp/bundler20180809-21310-q3th8vsqlite3-1.3.13/gems/sqlite3-1.3.13 for
inspection.
Results logged to
/tmp/bundler20180809-21310-q3th8vsqlite3-1.3.13/extensions/x86_64-linux/2.5.0/sqlite3-1.3.13/gem_make.out

An error occurred while installing sqlite3 (1.3.13), and Bundler cannot
continue.
Make sure that `gem install sqlite3 -v '1.3.13' --source
'https://rubygems.org/'` succeeds before bundling.

In Gemfile:
  sqlite3
daveralo@daveralo:~/projects/ror1/ror1$ gem install sqlite3
ERROR:  While executing gem ... (Gem::FilePermissionError)
    You don't have write permissions for the /var/lib/gems/2.5.0 directory.
daveralo@daveralo:~/projects/ror1/ror1$ sudo gem install sqlite3
Building native extensions. This could take a while...
ERROR:  Error installing sqlite3:
	ERROR: Failed to build gem native extension.

    current directory: /var/lib/gems/2.5.0/gems/sqlite3-1.3.13/ext/sqlite3
/usr/bin/ruby2.5 -r ./siteconf20180809-21389-1iktk9v.rb extconf.rb
checking for sqlite3.h... no
sqlite3.h is missing. Try 'brew install sqlite3',
'yum install sqlite-devel' or 'apt-get install libsqlite3-dev'
and check your shared library search path (the
location where your sqlite3 shared library is located).
*** extconf.rb failed ***
Could not create Makefile due to some reason, probably lack of necessary
libraries and/or headers.  Check the mkmf.log file for more details.  You may
need configuration options.

Provided configuration options:
	--with-opt-dir
	--without-opt-dir
	--with-opt-include
	--without-opt-include=${opt-dir}/include
	--with-opt-lib
	--without-opt-lib=${opt-dir}/lib
	--with-make-prog
	--without-make-prog
	--srcdir=.
	--curdir
	--ruby=/usr/bin/$(RUBY_BASE_NAME)2.5
	--with-sqlite3-config
	--without-sqlite3-config
	--with-pkg-config
	--without-pkg-config
	--with-sqlite3-dir
	--without-sqlite3-dir
	--with-sqlite3-include
	--without-sqlite3-include=${sqlite3-dir}/include
	--with-sqlite3-lib
	--without-sqlite3-lib=${sqlite3-dir}/lib

To see why this extension failed to compile, please check the mkmf.log which can be found here:

  /var/lib/gems/2.5.0/extensions/x86_64-linux/2.5.0/sqlite3-1.3.13/mkmf.log

extconf failed, exit code 1

Gem files will remain installed in /var/lib/gems/2.5.0/gems/sqlite3-1.3.13 for inspection.
Results logged to /var/lib/gems/2.5.0/extensions/x86_64-linux/2.5.0/sqlite3-1.3.13/gem_make.out
daveralo@daveralo:~/projects/ror1/ror1$ rails --version
Could not find gem 'sqlite3' in any of the gem sources listed in your Gemfile.
Run `bundle install` to install missing gems.
daveralo@daveralo:~/projects/ror1/ror1$ sudo bundle install
Don't run Bundler as root. Bundler can ask for sudo if it is needed, and
installing your bundle as root will break this application for all non-root
users on this machine.
The dependency tzinfo-data (>= 0) will be unused by any of the platforms Bundler is installing for. Bundler is installing for ruby but the dependency is only for x86-mingw32, x86-mswin32, x64-mingw32, java. To add those platforms to the bundle, run `bundle lock --add-platform x86-mingw32 x86-mswin32 x64-mingw32 java`.
Fetching gem metadata from https://rubygems.org/.........
Fetching gem metadata from https://rubygems.org/.
Resolving dependencies.....
Using rake 12.3.1
Using concurrent-ruby 1.0.5
Using i18n 1.1.0
Using minitest 5.11.3
Using thread_safe 0.3.6
Using tzinfo 1.2.5
Using activesupport 5.2.1
Using builder 3.2.3
Using erubi 1.7.1
Using mini_portile2 2.3.0
Using nokogiri 1.8.4
Using rails-dom-testing 2.0.3
Using crass 1.0.4
Using loofah 2.2.2
Using rails-html-sanitizer 1.0.4
Using actionview 5.2.1
Using rack 2.0.5
Using rack-test 1.1.0
Using actionpack 5.2.1
Using nio4r 2.3.1
Using websocket-extensions 0.1.3
Using websocket-driver 0.7.0
Using actioncable 5.2.1
Using globalid 0.4.1
Using activejob 5.2.1
Using mini_mime 1.0.0
Using mail 2.7.0
Using actionmailer 5.2.1
Using activemodel 5.2.1
Using arel 9.0.0
Using activerecord 5.2.1
Using mimemagic 0.3.2
Using marcel 0.3.2
Using activestorage 5.2.1
Using public_suffix 3.0.2
Using addressable 2.5.2
Using io-like 0.3.0
Using archive-zip 0.11.0
Using bindex 0.5.0
Using msgpack 1.2.4
Using bootsnap 1.3.1
Using bundler 1.16.3
Using byebug 10.0.2
Using xpath 3.1.0
Using capybara 3.5.1
Using ffi 1.9.25
Using childprocess 0.9.0
Using chromedriver-helper 1.2.0
Using coffee-script-source 1.12.2
Using execjs 2.7.0
Using coffee-script 2.4.1
Using method_source 0.9.0
Using thor 0.20.0
Using railties 5.2.1
Using coffee-rails 4.2.2
Using multi_json 1.13.1
Using jbuilder 2.7.0
Using rb-fsevent 0.10.3
Using rb-inotify 0.9.10
Using ruby_dep 1.5.0
Using listen 3.1.5
Using puma 3.12.0
Using sprockets 3.7.2
Using sprockets-rails 3.2.1
Using rails 5.2.1
Using rubyzip 1.2.1
Using sass-listen 4.0.0
Using sass 3.5.7
Using tilt 2.0.8
Using sass-rails 5.0.7
Using selenium-webdriver 3.14.0
Using spring 2.0.2
Using spring-watcher-listen 2.0.1
Fetching sqlite3 1.3.13
Installing sqlite3 1.3.13 with native extensions
Gem::Ext::BuildError: ERROR: Failed to build gem native extension.

    current directory: /var/lib/gems/2.5.0/gems/sqlite3-1.3.13/ext/sqlite3
/usr/bin/ruby2.5 -r ./siteconf20180809-21425-1mgiacb.rb extconf.rb
checking for sqlite3.h... no
sqlite3.h is missing. Try 'brew install sqlite3',
'yum install sqlite-devel' or 'apt-get install libsqlite3-dev'
and check your shared library search path (the
location where your sqlite3 shared library is located).
*** extconf.rb failed ***
Could not create Makefile due to some reason, probably lack of necessary
libraries and/or headers.  Check the mkmf.log file for more details.  You may
need configuration options.

Provided configuration options:
	--with-opt-dir
	--without-opt-dir
	--with-opt-include
	--without-opt-include=${opt-dir}/include
	--with-opt-lib
	--without-opt-lib=${opt-dir}/lib
	--with-make-prog
	--without-make-prog
	--srcdir=.
	--curdir
	--ruby=/usr/bin/$(RUBY_BASE_NAME)2.5
	--with-sqlite3-config
	--without-sqlite3-config
	--with-pkg-config
	--without-pkg-config
	--with-sqlite3-dir
	--without-sqlite3-dir
	--with-sqlite3-include
	--without-sqlite3-include=${sqlite3-dir}/include
	--with-sqlite3-lib
	--without-sqlite3-lib=${sqlite3-dir}/lib

To see why this extension failed to compile, please check the mkmf.log which can
be found here:

  /var/lib/gems/2.5.0/extensions/x86_64-linux/2.5.0/sqlite3-1.3.13/mkmf.log

extconf failed, exit code 1

Gem files will remain installed in /var/lib/gems/2.5.0/gems/sqlite3-1.3.13 for
inspection.
Results logged to
/var/lib/gems/2.5.0/extensions/x86_64-linux/2.5.0/sqlite3-1.3.13/gem_make.out

An error occurred while installing sqlite3 (1.3.13), and Bundler cannot
continue.
Make sure that `gem install sqlite3 -v '1.3.13' --source
'https://rubygems.org/'` succeeds before bundling.

In Gemfile:
  sqlite3
daveralo@daveralo:~/projects/ror1/ror1$ apt-get install libsqlite3-dev
E: Could not open lock file /var/lib/dpkg/lock - open (13: Permission denied)
E: Unable to lock the administration directory (/var/lib/dpkg/), are you root?
daveralo@daveralo:~/projects/ror1/ror1$ sudo apt-get install libsqlite3-dev
Reading package lists... Done
Building dependency tree       
Reading state information... Done
Suggested packages:
  sqlite3-doc
The following NEW packages will be installed:
  libsqlite3-dev
0 upgraded, 1 newly installed, 0 to remove and 201 not upgraded.
Need to get 632 kB of archives.
After this operation, 2.124 kB of additional disk space will be used.
Get:1 http://co.archive.ubuntu.com/ubuntu bionic/main amd64 libsqlite3-dev amd64 3.22.0-1 [632 kB]
Fetched 632 kB in 2s (273 kB/s)         
Selecting previously unselected package libsqlite3-dev:amd64.
(Reading database ... 152157 files and directories currently installed.)
Preparing to unpack .../libsqlite3-dev_3.22.0-1_amd64.deb ...
Unpacking libsqlite3-dev:amd64 (3.22.0-1) ...
Setting up libsqlite3-dev:amd64 (3.22.0-1) ...
daveralo@daveralo:~/projects/ror1/ror1$ sudo bundle install
Don't run Bundler as root. Bundler can ask for sudo if it is needed, and
installing your bundle as root will break this application for all non-root
users on this machine.
The dependency tzinfo-data (>= 0) will be unused by any of the platforms Bundler is installing for. Bundler is installing for ruby but the dependency is only for x86-mingw32, x86-mswin32, x64-mingw32, java. To add those platforms to the bundle, run `bundle lock --add-platform x86-mingw32 x86-mswin32 x64-mingw32 java`.
Fetching gem metadata from https://rubygems.org/.........
Fetching gem metadata from https://rubygems.org/.
Resolving dependencies......
Using rake 12.3.1
Using concurrent-ruby 1.0.5
Using i18n 1.1.0
Using minitest 5.11.3
Using thread_safe 0.3.6
Using tzinfo 1.2.5
Using activesupport 5.2.1
Using builder 3.2.3
Using erubi 1.7.1
Using mini_portile2 2.3.0
Using nokogiri 1.8.4
Using rails-dom-testing 2.0.3
Using crass 1.0.4
Using loofah 2.2.2
Using rails-html-sanitizer 1.0.4
Using actionview 5.2.1
Using rack 2.0.5
Using rack-test 1.1.0
Using actionpack 5.2.1
Using nio4r 2.3.1
Using websocket-extensions 0.1.3
Using websocket-driver 0.7.0
Using actioncable 5.2.1
Using globalid 0.4.1
Using activejob 5.2.1
Using mini_mime 1.0.0
Using mail 2.7.0
Using actionmailer 5.2.1
Using activemodel 5.2.1
Using arel 9.0.0
Using activerecord 5.2.1
Using mimemagic 0.3.2
Using marcel 0.3.2
Using activestorage 5.2.1
Using public_suffix 3.0.2
Using addressable 2.5.2
Using io-like 0.3.0
Using archive-zip 0.11.0
Using bindex 0.5.0
Using msgpack 1.2.4
Using bootsnap 1.3.1
Using bundler 1.16.3
Using byebug 10.0.2
Using xpath 3.1.0
Using capybara 3.5.1
Using ffi 1.9.25
Using childprocess 0.9.0
Using chromedriver-helper 1.2.0
Using coffee-script-source 1.12.2
Using execjs 2.7.0
Using coffee-script 2.4.1
Using method_source 0.9.0
Using thor 0.20.0
Using railties 5.2.1
Using coffee-rails 4.2.2
Using multi_json 1.13.1
Using jbuilder 2.7.0
Using rb-fsevent 0.10.3
Using rb-inotify 0.9.10
Using ruby_dep 1.5.0
Using listen 3.1.5
Using puma 3.12.0
Using sprockets 3.7.2
Using sprockets-rails 3.2.1
Using rails 5.2.1
Using rubyzip 1.2.1
Using sass-listen 4.0.0
Using sass 3.5.7
Using tilt 2.0.8
Using sass-rails 5.0.7
Using selenium-webdriver 3.14.0
Using spring 2.0.2
Using spring-watcher-listen 2.0.1
Fetching sqlite3 1.3.13
Installing sqlite3 1.3.13 with native extensions
Fetching turbolinks-source 5.1.0
Installing turbolinks-source 5.1.0
Fetching turbolinks 5.1.1
Installing turbolinks 5.1.1
Fetching uglifier 4.1.18
Installing uglifier 4.1.18
Fetching web-console 3.6.2
Installing web-console 3.6.2
Bundle complete! 18 Gemfile dependencies, 78 gems now installed.
Use `bundle info [gemname]` to see where a bundled gem is installed.
daveralo@daveralo:~/projects/ror1/ror1$ rails S
rails aborted!
Bundler::GemRequireError: There was an error while trying to load the gem 'uglifier'.
Gem Load Error is: Could not find a JavaScript runtime. See https://github.com/rails/execjs for a list of available runtimes.
Backtrace for gem load error is:
/var/lib/gems/2.5.0/gems/execjs-2.7.0/lib/execjs/runtimes.rb:58:in `autodetect'
/var/lib/gems/2.5.0/gems/execjs-2.7.0/lib/execjs.rb:5:in `<module:ExecJS>'
/var/lib/gems/2.5.0/gems/execjs-2.7.0/lib/execjs.rb:4:in `<main>'
/var/lib/gems/2.5.0/gems/bootsnap-1.3.1/lib/bootsnap/load_path_cache/core_ext/kernel_require.rb:21:in `require'
/var/lib/gems/2.5.0/gems/bootsnap-1.3.1/lib/bootsnap/load_path_cache/core_ext/kernel_require.rb:21:in `block in require_with_bootsnap_lfi'
/var/lib/gems/2.5.0/gems/bootsnap-1.3.1/lib/bootsnap/load_path_cache/loaded_features_index.rb:65:in `register'
/var/lib/gems/2.5.0/gems/bootsnap-1.3.1/lib/bootsnap/load_path_cache/core_ext/kernel_require.rb:20:in `require_with_bootsnap_lfi'
/var/lib/gems/2.5.0/gems/bootsnap-1.3.1/lib/bootsnap/load_path_cache/core_ext/kernel_require.rb:29:in `require'
/var/lib/gems/2.5.0/gems/activesupport-5.2.1/lib/active_support/dependencies.rb:287:in `block in require'
/var/lib/gems/2.5.0/gems/activesupport-5.2.1/lib/active_support/dependencies.rb:253:in `load_dependency'
/var/lib/gems/2.5.0/gems/activesupport-5.2.1/lib/active_support/dependencies.rb:287:in `require'
/var/lib/gems/2.5.0/gems/uglifier-4.1.18/lib/uglifier.rb:5:in `<main>'
/var/lib/gems/2.5.0/gems/bootsnap-1.3.1/lib/bootsnap/load_path_cache/core_ext/kernel_require.rb:21:in `require'
/var/lib/gems/2.5.0/gems/bootsnap-1.3.1/lib/bootsnap/load_path_cache/core_ext/kernel_require.rb:21:in `block in require_with_bootsnap_lfi'
/var/lib/gems/2.5.0/gems/bootsnap-1.3.1/lib/bootsnap/load_path_cache/loaded_features_index.rb:65:in `register'
/var/lib/gems/2.5.0/gems/bootsnap-1.3.1/lib/bootsnap/load_path_cache/core_ext/kernel_require.rb:20:in `require_with_bootsnap_lfi'
/var/lib/gems/2.5.0/gems/bootsnap-1.3.1/lib/bootsnap/load_path_cache/core_ext/kernel_require.rb:29:in `require'
/var/lib/gems/2.5.0/gems/bundler-1.16.3/lib/bundler/runtime.rb:81:in `block (2 levels) in require'
/var/lib/gems/2.5.0/gems/bundler-1.16.3/lib/bundler/runtime.rb:76:in `each'
/var/lib/gems/2.5.0/gems/bundler-1.16.3/lib/bundler/runtime.rb:76:in `block in require'
/var/lib/gems/2.5.0/gems/bundler-1.16.3/lib/bundler/runtime.rb:65:in `each'
/var/lib/gems/2.5.0/gems/bundler-1.16.3/lib/bundler/runtime.rb:65:in `require'
/var/lib/gems/2.5.0/gems/bundler-1.16.3/lib/bundler.rb:114:in `require'
/home/daveralo/projects/ror1/ror1/config/application.rb:7:in `<main>'
/var/lib/gems/2.5.0/gems/bootsnap-1.3.1/lib/bootsnap/load_path_cache/core_ext/kernel_require.rb:21:in `require'
/var/lib/gems/2.5.0/gems/bootsnap-1.3.1/lib/bootsnap/load_path_cache/core_ext/kernel_require.rb:21:in `block in require_with_bootsnap_lfi'
/var/lib/gems/2.5.0/gems/bootsnap-1.3.1/lib/bootsnap/load_path_cache/loaded_features_index.rb:65:in `register'
/var/lib/gems/2.5.0/gems/bootsnap-1.3.1/lib/bootsnap/load_path_cache/core_ext/kernel_require.rb:20:in `require_with_bootsnap_lfi'
/var/lib/gems/2.5.0/gems/bootsnap-1.3.1/lib/bootsnap/load_path_cache/core_ext/kernel_require.rb:29:in `require'
/var/lib/gems/2.5.0/gems/activesupport-5.2.1/lib/active_support/dependencies.rb:287:in `block in require'
/var/lib/gems/2.5.0/gems/activesupport-5.2.1/lib/active_support/dependencies.rb:253:in `load_dependency'
/var/lib/gems/2.5.0/gems/activesupport-5.2.1/lib/active_support/dependencies.rb:287:in `require'
/var/lib/gems/2.5.0/gems/bootsnap-1.3.1/lib/bootsnap/load_path_cache/core_ext/kernel_require.rb:44:in `require_relative'
/home/daveralo/projects/ror1/ror1/Rakefile:4:in `<main>'
/var/lib/gems/2.5.0/gems/bootsnap-1.3.1/lib/bootsnap/load_path_cache/core_ext/kernel_require.rb:50:in `load'
/var/lib/gems/2.5.0/gems/bootsnap-1.3.1/lib/bootsnap/load_path_cache/core_ext/kernel_require.rb:50:in `load'
/var/lib/gems/2.5.0/gems/activesupport-5.2.1/lib/active_support/dependencies.rb:281:in `block in load'
/var/lib/gems/2.5.0/gems/activesupport-5.2.1/lib/active_support/dependencies.rb:253:in `load_dependency'
/var/lib/gems/2.5.0/gems/activesupport-5.2.1/lib/active_support/dependencies.rb:281:in `load'
/usr/lib/ruby/vendor_ruby/rake/rake_module.rb:29:in `load_rakefile'
/usr/lib/ruby/vendor_ruby/rake/application.rb:703:in `raw_load_rakefile'
/usr/lib/ruby/vendor_ruby/rake/application.rb:104:in `block in load_rakefile'
/usr/lib/ruby/vendor_ruby/rake/application.rb:186:in `standard_exception_handling'
/usr/lib/ruby/vendor_ruby/rake/application.rb:103:in `load_rakefile'
/var/lib/gems/2.5.0/gems/railties-5.2.1/lib/rails/commands/rake/rake_command.rb:22:in `block in perform'
/usr/lib/ruby/vendor_ruby/rake/application.rb:186:in `standard_exception_handling'
/var/lib/gems/2.5.0/gems/railties-5.2.1/lib/rails/commands/rake/rake_command.rb:20:in `perform'
/var/lib/gems/2.5.0/gems/railties-5.2.1/lib/rails/command.rb:48:in `invoke'
/var/lib/gems/2.5.0/gems/railties-5.2.1/lib/rails/commands.rb:18:in `<main>'
/var/lib/gems/2.5.0/gems/bootsnap-1.3.1/lib/bootsnap/load_path_cache/core_ext/kernel_require.rb:21:in `require'
/var/lib/gems/2.5.0/gems/bootsnap-1.3.1/lib/bootsnap/load_path_cache/core_ext/kernel_require.rb:21:in `block in require_with_bootsnap_lfi'
/var/lib/gems/2.5.0/gems/bootsnap-1.3.1/lib/bootsnap/load_path_cache/loaded_features_index.rb:65:in `register'
/var/lib/gems/2.5.0/gems/bootsnap-1.3.1/lib/bootsnap/load_path_cache/core_ext/kernel_require.rb:20:in `require_with_bootsnap_lfi'
/var/lib/gems/2.5.0/gems/bootsnap-1.3.1/lib/bootsnap/load_path_cache/core_ext/kernel_require.rb:29:in `require'
/var/lib/gems/2.5.0/gems/activesupport-5.2.1/lib/active_support/dependencies.rb:287:in `block in require'
/var/lib/gems/2.5.0/gems/activesupport-5.2.1/lib/active_support/dependencies.rb:253:in `load_dependency'
/var/lib/gems/2.5.0/gems/activesupport-5.2.1/lib/active_support/dependencies.rb:287:in `require'
bin/rails:4:in `<main>'
Bundler Error Backtrace:
/var/lib/gems/2.5.0/gems/bundler-1.16.3/lib/bundler/runtime.rb:84:in `rescue in block (2 levels) in require'
/var/lib/gems/2.5.0/gems/bundler-1.16.3/lib/bundler/runtime.rb:80:in `block (2 levels) in require'
/var/lib/gems/2.5.0/gems/bundler-1.16.3/lib/bundler/runtime.rb:76:in `each'
/var/lib/gems/2.5.0/gems/bundler-1.16.3/lib/bundler/runtime.rb:76:in `block in require'
/var/lib/gems/2.5.0/gems/bundler-1.16.3/lib/bundler/runtime.rb:65:in `each'
/var/lib/gems/2.5.0/gems/bundler-1.16.3/lib/bundler/runtime.rb:65:in `require'
/var/lib/gems/2.5.0/gems/bundler-1.16.3/lib/bundler.rb:114:in `require'
/home/daveralo/projects/ror1/ror1/config/application.rb:7:in `<main>'
/var/lib/gems/2.5.0/gems/bootsnap-1.3.1/lib/bootsnap/load_path_cache/core_ext/kernel_require.rb:21:in `require'
/var/lib/gems/2.5.0/gems/bootsnap-1.3.1/lib/bootsnap/load_path_cache/core_ext/kernel_require.rb:21:in `block in require_with_bootsnap_lfi'
/var/lib/gems/2.5.0/gems/bootsnap-1.3.1/lib/bootsnap/load_path_cache/loaded_features_index.rb:65:in `register'
/var/lib/gems/2.5.0/gems/bootsnap-1.3.1/lib/bootsnap/load_path_cache/core_ext/kernel_require.rb:20:in `require_with_bootsnap_lfi'
/var/lib/gems/2.5.0/gems/bootsnap-1.3.1/lib/bootsnap/load_path_cache/core_ext/kernel_require.rb:29:in `require'
/var/lib/gems/2.5.0/gems/activesupport-5.2.1/lib/active_support/dependencies.rb:287:in `block in require'
/var/lib/gems/2.5.0/gems/activesupport-5.2.1/lib/active_support/dependencies.rb:253:in `load_dependency'
/var/lib/gems/2.5.0/gems/activesupport-5.2.1/lib/active_support/dependencies.rb:287:in `require'
/var/lib/gems/2.5.0/gems/bootsnap-1.3.1/lib/bootsnap/load_path_cache/core_ext/kernel_require.rb:44:in `require_relative'
/home/daveralo/projects/ror1/ror1/Rakefile:4:in `<main>'
/var/lib/gems/2.5.0/gems/bootsnap-1.3.1/lib/bootsnap/load_path_cache/core_ext/kernel_require.rb:50:in `load'
/var/lib/gems/2.5.0/gems/bootsnap-1.3.1/lib/bootsnap/load_path_cache/core_ext/kernel_require.rb:50:in `load'
/var/lib/gems/2.5.0/gems/activesupport-5.2.1/lib/active_support/dependencies.rb:281:in `block in load'
/var/lib/gems/2.5.0/gems/activesupport-5.2.1/lib/active_support/dependencies.rb:253:in `load_dependency'
/var/lib/gems/2.5.0/gems/activesupport-5.2.1/lib/active_support/dependencies.rb:281:in `load'
/var/lib/gems/2.5.0/gems/railties-5.2.1/lib/rails/commands/rake/rake_command.rb:22:in `block in perform'
/var/lib/gems/2.5.0/gems/railties-5.2.1/lib/rails/commands/rake/rake_command.rb:20:in `perform'
/var/lib/gems/2.5.0/gems/railties-5.2.1/lib/rails/command.rb:48:in `invoke'
/var/lib/gems/2.5.0/gems/railties-5.2.1/lib/rails/commands.rb:18:in `<main>'
/var/lib/gems/2.5.0/gems/bootsnap-1.3.1/lib/bootsnap/load_path_cache/core_ext/kernel_require.rb:21:in `require'
/var/lib/gems/2.5.0/gems/bootsnap-1.3.1/lib/bootsnap/load_path_cache/core_ext/kernel_require.rb:21:in `block in require_with_bootsnap_lfi'
/var/lib/gems/2.5.0/gems/bootsnap-1.3.1/lib/bootsnap/load_path_cache/loaded_features_index.rb:65:in `register'
/var/lib/gems/2.5.0/gems/bootsnap-1.3.1/lib/bootsnap/load_path_cache/core_ext/kernel_require.rb:20:in `require_with_bootsnap_lfi'
/var/lib/gems/2.5.0/gems/bootsnap-1.3.1/lib/bootsnap/load_path_cache/core_ext/kernel_require.rb:29:in `require'
/var/lib/gems/2.5.0/gems/activesupport-5.2.1/lib/active_support/dependencies.rb:287:in `block in require'
/var/lib/gems/2.5.0/gems/activesupport-5.2.1/lib/active_support/dependencies.rb:253:in `load_dependency'
/var/lib/gems/2.5.0/gems/activesupport-5.2.1/lib/active_support/dependencies.rb:287:in `require'
bin/rails:4:in `<main>'

Caused by:
ExecJS::RuntimeUnavailable: Could not find a JavaScript runtime. See https://github.com/rails/execjs for a list of available runtimes.
/var/lib/gems/2.5.0/gems/execjs-2.7.0/lib/execjs/runtimes.rb:58:in `autodetect'
/var/lib/gems/2.5.0/gems/execjs-2.7.0/lib/execjs.rb:5:in `<module:ExecJS>'
/var/lib/gems/2.5.0/gems/execjs-2.7.0/lib/execjs.rb:4:in `<main>'
/var/lib/gems/2.5.0/gems/bootsnap-1.3.1/lib/bootsnap/load_path_cache/core_ext/kernel_require.rb:21:in `require'
/var/lib/gems/2.5.0/gems/bootsnap-1.3.1/lib/bootsnap/load_path_cache/core_ext/kernel_require.rb:21:in `block in require_with_bootsnap_lfi'
/var/lib/gems/2.5.0/gems/bootsnap-1.3.1/lib/bootsnap/load_path_cache/loaded_features_index.rb:65:in `register'
/var/lib/gems/2.5.0/gems/bootsnap-1.3.1/lib/bootsnap/load_path_cache/core_ext/kernel_require.rb:20:in `require_with_bootsnap_lfi'
/var/lib/gems/2.5.0/gems/bootsnap-1.3.1/lib/bootsnap/load_path_cache/core_ext/kernel_require.rb:29:in `require'
/var/lib/gems/2.5.0/gems/activesupport-5.2.1/lib/active_support/dependencies.rb:287:in `block in require'
/var/lib/gems/2.5.0/gems/activesupport-5.2.1/lib/active_support/dependencies.rb:253:in `load_dependency'
/var/lib/gems/2.5.0/gems/activesupport-5.2.1/lib/active_support/dependencies.rb:287:in `require'
/var/lib/gems/2.5.0/gems/uglifier-4.1.18/lib/uglifier.rb:5:in `<main>'
/var/lib/gems/2.5.0/gems/bootsnap-1.3.1/lib/bootsnap/load_path_cache/core_ext/kernel_require.rb:21:in `require'
/var/lib/gems/2.5.0/gems/bootsnap-1.3.1/lib/bootsnap/load_path_cache/core_ext/kernel_require.rb:21:in `block in require_with_bootsnap_lfi'
/var/lib/gems/2.5.0/gems/bootsnap-1.3.1/lib/bootsnap/load_path_cache/loaded_features_index.rb:65:in `register'
/var/lib/gems/2.5.0/gems/bootsnap-1.3.1/lib/bootsnap/load_path_cache/core_ext/kernel_require.rb:20:in `require_with_bootsnap_lfi'
/var/lib/gems/2.5.0/gems/bootsnap-1.3.1/lib/bootsnap/load_path_cache/core_ext/kernel_require.rb:29:in `require'
/var/lib/gems/2.5.0/gems/bundler-1.16.3/lib/bundler/runtime.rb:81:in `block (2 levels) in require'
/var/lib/gems/2.5.0/gems/bundler-1.16.3/lib/bundler/runtime.rb:76:in `each'
/var/lib/gems/2.5.0/gems/bundler-1.16.3/lib/bundler/runtime.rb:76:in `block in require'
/var/lib/gems/2.5.0/gems/bundler-1.16.3/lib/bundler/runtime.rb:65:in `each'
/var/lib/gems/2.5.0/gems/bundler-1.16.3/lib/bundler/runtime.rb:65:in `require'
/var/lib/gems/2.5.0/gems/bundler-1.16.3/lib/bundler.rb:114:in `require'
/home/daveralo/projects/ror1/ror1/config/application.rb:7:in `<main>'
/var/lib/gems/2.5.0/gems/bootsnap-1.3.1/lib/bootsnap/load_path_cache/core_ext/kernel_require.rb:21:in `require'
/var/lib/gems/2.5.0/gems/bootsnap-1.3.1/lib/bootsnap/load_path_cache/core_ext/kernel_require.rb:21:in `block in require_with_bootsnap_lfi'
/var/lib/gems/2.5.0/gems/bootsnap-1.3.1/lib/bootsnap/load_path_cache/loaded_features_index.rb:65:in `register'
/var/lib/gems/2.5.0/gems/bootsnap-1.3.1/lib/bootsnap/load_path_cache/core_ext/kernel_require.rb:20:in `require_with_bootsnap_lfi'
/var/lib/gems/2.5.0/gems/bootsnap-1.3.1/lib/bootsnap/load_path_cache/core_ext/kernel_require.rb:29:in `require'
/var/lib/gems/2.5.0/gems/activesupport-5.2.1/lib/active_support/dependencies.rb:287:in `block in require'
/var/lib/gems/2.5.0/gems/activesupport-5.2.1/lib/active_support/dependencies.rb:253:in `load_dependency'
/var/lib/gems/2.5.0/gems/activesupport-5.2.1/lib/active_support/dependencies.rb:287:in `require'
/var/lib/gems/2.5.0/gems/bootsnap-1.3.1/lib/bootsnap/load_path_cache/core_ext/kernel_require.rb:44:in `require_relative'
/home/daveralo/projects/ror1/ror1/Rakefile:4:in `<main>'
/var/lib/gems/2.5.0/gems/bootsnap-1.3.1/lib/bootsnap/load_path_cache/core_ext/kernel_require.rb:50:in `load'
/var/lib/gems/2.5.0/gems/bootsnap-1.3.1/lib/bootsnap/load_path_cache/core_ext/kernel_require.rb:50:in `load'
/var/lib/gems/2.5.0/gems/activesupport-5.2.1/lib/active_support/dependencies.rb:281:in `block in load'
/var/lib/gems/2.5.0/gems/activesupport-5.2.1/lib/active_support/dependencies.rb:253:in `load_dependency'
/var/lib/gems/2.5.0/gems/activesupport-5.2.1/lib/active_support/dependencies.rb:281:in `load'
/var/lib/gems/2.5.0/gems/railties-5.2.1/lib/rails/commands/rake/rake_command.rb:22:in `block in perform'
/var/lib/gems/2.5.0/gems/railties-5.2.1/lib/rails/commands/rake/rake_command.rb:20:in `perform'
/var/lib/gems/2.5.0/gems/railties-5.2.1/lib/rails/command.rb:48:in `invoke'
/var/lib/gems/2.5.0/gems/railties-5.2.1/lib/rails/commands.rb:18:in `<main>'
/var/lib/gems/2.5.0/gems/bootsnap-1.3.1/lib/bootsnap/load_path_cache/core_ext/kernel_require.rb:21:in `require'
/var/lib/gems/2.5.0/gems/bootsnap-1.3.1/lib/bootsnap/load_path_cache/core_ext/kernel_require.rb:21:in `block in require_with_bootsnap_lfi'
/var/lib/gems/2.5.0/gems/bootsnap-1.3.1/lib/bootsnap/load_path_cache/loaded_features_index.rb:65:in `register'
/var/lib/gems/2.5.0/gems/bootsnap-1.3.1/lib/bootsnap/load_path_cache/core_ext/kernel_require.rb:20:in `require_with_bootsnap_lfi'
/var/lib/gems/2.5.0/gems/bootsnap-1.3.1/lib/bootsnap/load_path_cache/core_ext/kernel_require.rb:29:in `require'
/var/lib/gems/2.5.0/gems/activesupport-5.2.1/lib/active_support/dependencies.rb:287:in `block in require'
/var/lib/gems/2.5.0/gems/activesupport-5.2.1/lib/active_support/dependencies.rb:253:in `load_dependency'
/var/lib/gems/2.5.0/gems/activesupport-5.2.1/lib/active_support/dependencies.rb:287:in `require'
bin/rails:4:in `<main>'
(See full trace by running task with --trace)
daveralo@daveralo:~/projects/ror1/ror1$ 
daveralo@daveralo:~/projects/ror1/ror1$ 
daveralo@daveralo:~/projects/ror1/ror1$ 
daveralo@daveralo:~/projects/ror1/ror1$ 
daveralo@daveralo:~/projects/ror1/ror1$ rails S
rails aborted!
Bundler::GemRequireError: There was an error while trying to load the gem 'uglifier'.
Gem Load Error is: Could not find a JavaScript runtime. See https://github.com/rails/execjs for a list of available runtimes.
Backtrace for gem load error is:
/var/lib/gems/2.5.0/gems/execjs-2.7.0/lib/execjs/runtimes.rb:58:in `autodetect'
/var/lib/gems/2.5.0/gems/execjs-2.7.0/lib/execjs.rb:5:in `<module:ExecJS>'
/var/lib/gems/2.5.0/gems/execjs-2.7.0/lib/execjs.rb:4:in `<main>'
/var/lib/gems/2.5.0/gems/bootsnap-1.3.1/lib/bootsnap/load_path_cache/core_ext/kernel_require.rb:21:in `require'
/var/lib/gems/2.5.0/gems/bootsnap-1.3.1/lib/bootsnap/load_path_cache/core_ext/kernel_require.rb:21:in `block in require_with_bootsnap_lfi'
/var/lib/gems/2.5.0/gems/bootsnap-1.3.1/lib/bootsnap/load_path_cache/loaded_features_index.rb:65:in `register'
/var/lib/gems/2.5.0/gems/bootsnap-1.3.1/lib/bootsnap/load_path_cache/core_ext/kernel_require.rb:20:in `require_with_bootsnap_lfi'
/var/lib/gems/2.5.0/gems/bootsnap-1.3.1/lib/bootsnap/load_path_cache/core_ext/kernel_require.rb:29:in `require'
/var/lib/gems/2.5.0/gems/activesupport-5.2.1/lib/active_support/dependencies.rb:287:in `block in require'
/var/lib/gems/2.5.0/gems/activesupport-5.2.1/lib/active_support/dependencies.rb:253:in `load_dependency'
/var/lib/gems/2.5.0/gems/activesupport-5.2.1/lib/active_support/dependencies.rb:287:in `require'
/var/lib/gems/2.5.0/gems/uglifier-4.1.18/lib/uglifier.rb:5:in `<main>'
/var/lib/gems/2.5.0/gems/bootsnap-1.3.1/lib/bootsnap/load_path_cache/core_ext/kernel_require.rb:21:in `require'
/var/lib/gems/2.5.0/gems/bootsnap-1.3.1/lib/bootsnap/load_path_cache/core_ext/kernel_require.rb:21:in `block in require_with_bootsnap_lfi'
/var/lib/gems/2.5.0/gems/bootsnap-1.3.1/lib/bootsnap/load_path_cache/loaded_features_index.rb:65:in `register'
/var/lib/gems/2.5.0/gems/bootsnap-1.3.1/lib/bootsnap/load_path_cache/core_ext/kernel_require.rb:20:in `require_with_bootsnap_lfi'
/var/lib/gems/2.5.0/gems/bootsnap-1.3.1/lib/bootsnap/load_path_cache/core_ext/kernel_require.rb:29:in `require'
/var/lib/gems/2.5.0/gems/bundler-1.16.3/lib/bundler/runtime.rb:81:in `block (2 levels) in require'
/var/lib/gems/2.5.0/gems/bundler-1.16.3/lib/bundler/runtime.rb:76:in `each'
/var/lib/gems/2.5.0/gems/bundler-1.16.3/lib/bundler/runtime.rb:76:in `block in require'
/var/lib/gems/2.5.0/gems/bundler-1.16.3/lib/bundler/runtime.rb:65:in `each'
/var/lib/gems/2.5.0/gems/bundler-1.16.3/lib/bundler/runtime.rb:65:in `require'
/var/lib/gems/2.5.0/gems/bundler-1.16.3/lib/bundler.rb:114:in `require'
/home/daveralo/projects/ror1/ror1/config/application.rb:7:in `<main>'
/var/lib/gems/2.5.0/gems/bootsnap-1.3.1/lib/bootsnap/load_path_cache/core_ext/kernel_require.rb:21:in `require'
/var/lib/gems/2.5.0/gems/bootsnap-1.3.1/lib/bootsnap/load_path_cache/core_ext/kernel_require.rb:21:in `block in require_with_bootsnap_lfi'
/var/lib/gems/2.5.0/gems/bootsnap-1.3.1/lib/bootsnap/load_path_cache/loaded_features_index.rb:65:in `register'
/var/lib/gems/2.5.0/gems/bootsnap-1.3.1/lib/bootsnap/load_path_cache/core_ext/kernel_require.rb:20:in `require_with_bootsnap_lfi'
/var/lib/gems/2.5.0/gems/bootsnap-1.3.1/lib/bootsnap/load_path_cache/core_ext/kernel_require.rb:29:in `require'
/var/lib/gems/2.5.0/gems/activesupport-5.2.1/lib/active_support/dependencies.rb:287:in `block in require'
/var/lib/gems/2.5.0/gems/activesupport-5.2.1/lib/active_support/dependencies.rb:253:in `load_dependency'
/var/lib/gems/2.5.0/gems/activesupport-5.2.1/lib/active_support/dependencies.rb:287:in `require'
/var/lib/gems/2.5.0/gems/bootsnap-1.3.1/lib/bootsnap/load_path_cache/core_ext/kernel_require.rb:44:in `require_relative'
/home/daveralo/projects/ror1/ror1/Rakefile:4:in `<main>'
/var/lib/gems/2.5.0/gems/bootsnap-1.3.1/lib/bootsnap/load_path_cache/core_ext/kernel_require.rb:50:in `load'
/var/lib/gems/2.5.0/gems/bootsnap-1.3.1/lib/bootsnap/load_path_cache/core_ext/kernel_require.rb:50:in `load'
/var/lib/gems/2.5.0/gems/activesupport-5.2.1/lib/active_support/dependencies.rb:281:in `block in load'
/var/lib/gems/2.5.0/gems/activesupport-5.2.1/lib/active_support/dependencies.rb:253:in `load_dependency'
/var/lib/gems/2.5.0/gems/activesupport-5.2.1/lib/active_support/dependencies.rb:281:in `load'
/usr/lib/ruby/vendor_ruby/rake/rake_module.rb:29:in `load_rakefile'
/usr/lib/ruby/vendor_ruby/rake/application.rb:703:in `raw_load_rakefile'
/usr/lib/ruby/vendor_ruby/rake/application.rb:104:in `block in load_rakefile'
/usr/lib/ruby/vendor_ruby/rake/application.rb:186:in `standard_exception_handling'
/usr/lib/ruby/vendor_ruby/rake/application.rb:103:in `load_rakefile'
/var/lib/gems/2.5.0/gems/railties-5.2.1/lib/rails/commands/rake/rake_command.rb:22:in `block in perform'
/usr/lib/ruby/vendor_ruby/rake/application.rb:186:in `standard_exception_handling'
/var/lib/gems/2.5.0/gems/railties-5.2.1/lib/rails/commands/rake/rake_command.rb:20:in `perform'
/var/lib/gems/2.5.0/gems/railties-5.2.1/lib/rails/command.rb:48:in `invoke'
/var/lib/gems/2.5.0/gems/railties-5.2.1/lib/rails/commands.rb:18:in `<main>'
/var/lib/gems/2.5.0/gems/bootsnap-1.3.1/lib/bootsnap/load_path_cache/core_ext/kernel_require.rb:21:in `require'
/var/lib/gems/2.5.0/gems/bootsnap-1.3.1/lib/bootsnap/load_path_cache/core_ext/kernel_require.rb:21:in `block in require_with_bootsnap_lfi'
/var/lib/gems/2.5.0/gems/bootsnap-1.3.1/lib/bootsnap/load_path_cache/loaded_features_index.rb:65:in `register'
/var/lib/gems/2.5.0/gems/bootsnap-1.3.1/lib/bootsnap/load_path_cache/core_ext/kernel_require.rb:20:in `require_with_bootsnap_lfi'
/var/lib/gems/2.5.0/gems/bootsnap-1.3.1/lib/bootsnap/load_path_cache/core_ext/kernel_require.rb:29:in `require'
/var/lib/gems/2.5.0/gems/activesupport-5.2.1/lib/active_support/dependencies.rb:287:in `block in require'
/var/lib/gems/2.5.0/gems/activesupport-5.2.1/lib/active_support/dependencies.rb:253:in `load_dependency'
/var/lib/gems/2.5.0/gems/activesupport-5.2.1/lib/active_support/dependencies.rb:287:in `require'
bin/rails:4:in `<main>'
Bundler Error Backtrace:
/var/lib/gems/2.5.0/gems/bundler-1.16.3/lib/bundler/runtime.rb:84:in `rescue in block (2 levels) in require'
/var/lib/gems/2.5.0/gems/bundler-1.16.3/lib/bundler/runtime.rb:80:in `block (2 levels) in require'
/var/lib/gems/2.5.0/gems/bundler-1.16.3/lib/bundler/runtime.rb:76:in `each'
/var/lib/gems/2.5.0/gems/bundler-1.16.3/lib/bundler/runtime.rb:76:in `block in require'
/var/lib/gems/2.5.0/gems/bundler-1.16.3/lib/bundler/runtime.rb:65:in `each'
/var/lib/gems/2.5.0/gems/bundler-1.16.3/lib/bundler/runtime.rb:65:in `require'
/var/lib/gems/2.5.0/gems/bundler-1.16.3/lib/bundler.rb:114:in `require'
/home/daveralo/projects/ror1/ror1/config/application.rb:7:in `<main>'
/var/lib/gems/2.5.0/gems/bootsnap-1.3.1/lib/bootsnap/load_path_cache/core_ext/kernel_require.rb:21:in `require'
/var/lib/gems/2.5.0/gems/bootsnap-1.3.1/lib/bootsnap/load_path_cache/core_ext/kernel_require.rb:21:in `block in require_with_bootsnap_lfi'
/var/lib/gems/2.5.0/gems/bootsnap-1.3.1/lib/bootsnap/load_path_cache/loaded_features_index.rb:65:in `register'
/var/lib/gems/2.5.0/gems/bootsnap-1.3.1/lib/bootsnap/load_path_cache/core_ext/kernel_require.rb:20:in `require_with_bootsnap_lfi'
/var/lib/gems/2.5.0/gems/bootsnap-1.3.1/lib/bootsnap/load_path_cache/core_ext/kernel_require.rb:29:in `require'
/var/lib/gems/2.5.0/gems/activesupport-5.2.1/lib/active_support/dependencies.rb:287:in `block in require'
/var/lib/gems/2.5.0/gems/activesupport-5.2.1/lib/active_support/dependencies.rb:253:in `load_dependency'
/var/lib/gems/2.5.0/gems/activesupport-5.2.1/lib/active_support/dependencies.rb:287:in `require'
/var/lib/gems/2.5.0/gems/bootsnap-1.3.1/lib/bootsnap/load_path_cache/core_ext/kernel_require.rb:44:in `require_relative'
/home/daveralo/projects/ror1/ror1/Rakefile:4:in `<main>'
/var/lib/gems/2.5.0/gems/bootsnap-1.3.1/lib/bootsnap/load_path_cache/core_ext/kernel_require.rb:50:in `load'
/var/lib/gems/2.5.0/gems/bootsnap-1.3.1/lib/bootsnap/load_path_cache/core_ext/kernel_require.rb:50:in `load'
/var/lib/gems/2.5.0/gems/activesupport-5.2.1/lib/active_support/dependencies.rb:281:in `block in load'
/var/lib/gems/2.5.0/gems/activesupport-5.2.1/lib/active_support/dependencies.rb:253:in `load_dependency'
/var/lib/gems/2.5.0/gems/activesupport-5.2.1/lib/active_support/dependencies.rb:281:in `load'
/var/lib/gems/2.5.0/gems/railties-5.2.1/lib/rails/commands/rake/rake_command.rb:22:in `block in perform'
/var/lib/gems/2.5.0/gems/railties-5.2.1/lib/rails/commands/rake/rake_command.rb:20:in `perform'
/var/lib/gems/2.5.0/gems/railties-5.2.1/lib/rails/command.rb:48:in `invoke'
/var/lib/gems/2.5.0/gems/railties-5.2.1/lib/rails/commands.rb:18:in `<main>'
/var/lib/gems/2.5.0/gems/bootsnap-1.3.1/lib/bootsnap/load_path_cache/core_ext/kernel_require.rb:21:in `require'
/var/lib/gems/2.5.0/gems/bootsnap-1.3.1/lib/bootsnap/load_path_cache/core_ext/kernel_require.rb:21:in `block in require_with_bootsnap_lfi'
/var/lib/gems/2.5.0/gems/bootsnap-1.3.1/lib/bootsnap/load_path_cache/loaded_features_index.rb:65:in `register'
/var/lib/gems/2.5.0/gems/bootsnap-1.3.1/lib/bootsnap/load_path_cache/core_ext/kernel_require.rb:20:in `require_with_bootsnap_lfi'
/var/lib/gems/2.5.0/gems/bootsnap-1.3.1/lib/bootsnap/load_path_cache/core_ext/kernel_require.rb:29:in `require'
/var/lib/gems/2.5.0/gems/activesupport-5.2.1/lib/active_support/dependencies.rb:287:in `block in require'
/var/lib/gems/2.5.0/gems/activesupport-5.2.1/lib/active_support/dependencies.rb:253:in `load_dependency'
/var/lib/gems/2.5.0/gems/activesupport-5.2.1/lib/active_support/dependencies.rb:287:in `require'
bin/rails:4:in `<main>'

Caused by:
ExecJS::RuntimeUnavailable: Could not find a JavaScript runtime. See https://github.com/rails/execjs for a list of available runtimes.
/var/lib/gems/2.5.0/gems/execjs-2.7.0/lib/execjs/runtimes.rb:58:in `autodetect'
/var/lib/gems/2.5.0/gems/execjs-2.7.0/lib/execjs.rb:5:in `<module:ExecJS>'
/var/lib/gems/2.5.0/gems/execjs-2.7.0/lib/execjs.rb:4:in `<main>'
/var/lib/gems/2.5.0/gems/bootsnap-1.3.1/lib/bootsnap/load_path_cache/core_ext/kernel_require.rb:21:in `require'
/var/lib/gems/2.5.0/gems/bootsnap-1.3.1/lib/bootsnap/load_path_cache/core_ext/kernel_require.rb:21:in `block in require_with_bootsnap_lfi'
/var/lib/gems/2.5.0/gems/bootsnap-1.3.1/lib/bootsnap/load_path_cache/loaded_features_index.rb:65:in `register'
/var/lib/gems/2.5.0/gems/bootsnap-1.3.1/lib/bootsnap/load_path_cache/core_ext/kernel_require.rb:20:in `require_with_bootsnap_lfi'
/var/lib/gems/2.5.0/gems/bootsnap-1.3.1/lib/bootsnap/load_path_cache/core_ext/kernel_require.rb:29:in `require'
/var/lib/gems/2.5.0/gems/activesupport-5.2.1/lib/active_support/dependencies.rb:287:in `block in require'
/var/lib/gems/2.5.0/gems/activesupport-5.2.1/lib/active_support/dependencies.rb:253:in `load_dependency'
/var/lib/gems/2.5.0/gems/activesupport-5.2.1/lib/active_support/dependencies.rb:287:in `require'
/var/lib/gems/2.5.0/gems/uglifier-4.1.18/lib/uglifier.rb:5:in `<main>'
/var/lib/gems/2.5.0/gems/bootsnap-1.3.1/lib/bootsnap/load_path_cache/core_ext/kernel_require.rb:21:in `require'
/var/lib/gems/2.5.0/gems/bootsnap-1.3.1/lib/bootsnap/load_path_cache/core_ext/kernel_require.rb:21:in `block in require_with_bootsnap_lfi'
/var/lib/gems/2.5.0/gems/bootsnap-1.3.1/lib/bootsnap/load_path_cache/loaded_features_index.rb:65:in `register'
/var/lib/gems/2.5.0/gems/bootsnap-1.3.1/lib/bootsnap/load_path_cache/core_ext/kernel_require.rb:20:in `require_with_bootsnap_lfi'
/var/lib/gems/2.5.0/gems/bootsnap-1.3.1/lib/bootsnap/load_path_cache/core_ext/kernel_require.rb:29:in `require'
/var/lib/gems/2.5.0/gems/bundler-1.16.3/lib/bundler/runtime.rb:81:in `block (2 levels) in require'
/var/lib/gems/2.5.0/gems/bundler-1.16.3/lib/bundler/runtime.rb:76:in `each'
/var/lib/gems/2.5.0/gems/bundler-1.16.3/lib/bundler/runtime.rb:76:in `block in require'
/var/lib/gems/2.5.0/gems/bundler-1.16.3/lib/bundler/runtime.rb:65:in `each'
/var/lib/gems/2.5.0/gems/bundler-1.16.3/lib/bundler/runtime.rb:65:in `require'
/var/lib/gems/2.5.0/gems/bundler-1.16.3/lib/bundler.rb:114:in `require'
/home/daveralo/projects/ror1/ror1/config/application.rb:7:in `<main>'
/var/lib/gems/2.5.0/gems/bootsnap-1.3.1/lib/bootsnap/load_path_cache/core_ext/kernel_require.rb:21:in `require'
/var/lib/gems/2.5.0/gems/bootsnap-1.3.1/lib/bootsnap/load_path_cache/core_ext/kernel_require.rb:21:in `block in require_with_bootsnap_lfi'
/var/lib/gems/2.5.0/gems/bootsnap-1.3.1/lib/bootsnap/load_path_cache/loaded_features_index.rb:65:in `register'
/var/lib/gems/2.5.0/gems/bootsnap-1.3.1/lib/bootsnap/load_path_cache/core_ext/kernel_require.rb:20:in `require_with_bootsnap_lfi'
/var/lib/gems/2.5.0/gems/bootsnap-1.3.1/lib/bootsnap/load_path_cache/core_ext/kernel_require.rb:29:in `require'
/var/lib/gems/2.5.0/gems/activesupport-5.2.1/lib/active_support/dependencies.rb:287:in `block in require'
/var/lib/gems/2.5.0/gems/activesupport-5.2.1/lib/active_support/dependencies.rb:253:in `load_dependency'
/var/lib/gems/2.5.0/gems/activesupport-5.2.1/lib/active_support/dependencies.rb:287:in `require'
/var/lib/gems/2.5.0/gems/bootsnap-1.3.1/lib/bootsnap/load_path_cache/core_ext/kernel_require.rb:44:in `require_relative'
/home/daveralo/projects/ror1/ror1/Rakefile:4:in `<main>'
/var/lib/gems/2.5.0/gems/bootsnap-1.3.1/lib/bootsnap/load_path_cache/core_ext/kernel_require.rb:50:in `load'
/var/lib/gems/2.5.0/gems/bootsnap-1.3.1/lib/bootsnap/load_path_cache/core_ext/kernel_require.rb:50:in `load'
/var/lib/gems/2.5.0/gems/activesupport-5.2.1/lib/active_support/dependencies.rb:281:in `block in load'
/var/lib/gems/2.5.0/gems/activesupport-5.2.1/lib/active_support/dependencies.rb:253:in `load_dependency'
/var/lib/gems/2.5.0/gems/activesupport-5.2.1/lib/active_support/dependencies.rb:281:in `load'
/var/lib/gems/2.5.0/gems/railties-5.2.1/lib/rails/commands/rake/rake_command.rb:22:in `block in perform'
/var/lib/gems/2.5.0/gems/railties-5.2.1/lib/rails/commands/rake/rake_command.rb:20:in `perform'
/var/lib/gems/2.5.0/gems/railties-5.2.1/lib/rails/command.rb:48:in `invoke'
/var/lib/gems/2.5.0/gems/railties-5.2.1/lib/rails/commands.rb:18:in `<main>'
/var/lib/gems/2.5.0/gems/bootsnap-1.3.1/lib/bootsnap/load_path_cache/core_ext/kernel_require.rb:21:in `require'
/var/lib/gems/2.5.0/gems/bootsnap-1.3.1/lib/bootsnap/load_path_cache/core_ext/kernel_require.rb:21:in `block in require_with_bootsnap_lfi'
/var/lib/gems/2.5.0/gems/bootsnap-1.3.1/lib/bootsnap/load_path_cache/loaded_features_index.rb:65:in `register'
/var/lib/gems/2.5.0/gems/bootsnap-1.3.1/lib/bootsnap/load_path_cache/core_ext/kernel_require.rb:20:in `require_with_bootsnap_lfi'
/var/lib/gems/2.5.0/gems/bootsnap-1.3.1/lib/bootsnap/load_path_cache/core_ext/kernel_require.rb:29:in `require'
/var/lib/gems/2.5.0/gems/activesupport-5.2.1/lib/active_support/dependencies.rb:287:in `block in require'
/var/lib/gems/2.5.0/gems/activesupport-5.2.1/lib/active_support/dependencies.rb:253:in `load_dependency'
/var/lib/gems/2.5.0/gems/activesupport-5.2.1/lib/active_support/dependencies.rb:287:in `require'
bin/rails:4:in `<main>'
(See full trace by running task with --trace)
daveralo@daveralo:~/projects/ror1/ror1$ ^C
daveralo@daveralo:~/projects/ror1/ror1$ 
daveralo@daveralo:~/projects/ror1/ror1$ 
daveralo@daveralo:~/projects/ror1/ror1$ 
daveralo@daveralo:~/projects/ror1/ror1$ sudo apt-get install nodejs
Reading package lists... Done
Building dependency tree       
Reading state information... Done
The following additional packages will be installed:
  libc-ares2 libhttp-parser2.7.1 libuv1 nodejs-doc
The following NEW packages will be installed:
  libc-ares2 libhttp-parser2.7.1 libuv1 nodejs nodejs-doc
0 upgraded, 5 newly installed, 0 to remove and 201 not upgraded.
Need to get 5.671 kB of archives.
After this operation, 24,8 MB of additional disk space will be used.
Do you want to continue? [Y/n] Y
Get:1 http://co.archive.ubuntu.com/ubuntu bionic/main amd64 libuv1 amd64 1.18.0-3 [64,4 kB]
Get:2 http://co.archive.ubuntu.com/ubuntu bionic/universe amd64 nodejs-doc all 8.10.0~dfsg-2 [752 kB]
Get:3 http://co.archive.ubuntu.com/ubuntu bionic/main amd64 libc-ares2 amd64 1.14.0-1 [37,1 kB]
Get:4 http://co.archive.ubuntu.com/ubuntu bionic/main amd64 libhttp-parser2.7.1 amd64 2.7.1-2 [20,6 kB]
Get:5 http://co.archive.ubuntu.com/ubuntu bionic/universe amd64 nodejs amd64 8.10.0~dfsg-2 [4.798 kB]
Fetched 5.671 kB in 17s (325 kB/s)                                                                           
Selecting previously unselected package libuv1:amd64.
(Reading database ... 152166 files and directories currently installed.)
Preparing to unpack .../libuv1_1.18.0-3_amd64.deb ...
Unpacking libuv1:amd64 (1.18.0-3) ...
Selecting previously unselected package nodejs-doc.
Preparing to unpack .../nodejs-doc_8.10.0~dfsg-2_all.deb ...
Unpacking nodejs-doc (8.10.0~dfsg-2) ...
Selecting previously unselected package libc-ares2:amd64.
Preparing to unpack .../libc-ares2_1.14.0-1_amd64.deb ...
Unpacking libc-ares2:amd64 (1.14.0-1) ...
Selecting previously unselected package libhttp-parser2.7.1:amd64.
Preparing to unpack .../libhttp-parser2.7.1_2.7.1-2_amd64.deb ...
Unpacking libhttp-parser2.7.1:amd64 (2.7.1-2) ...
Selecting previously unselected package nodejs.
Preparing to unpack .../nodejs_8.10.0~dfsg-2_amd64.deb ...
Unpacking nodejs (8.10.0~dfsg-2) ...
Setting up nodejs-doc (8.10.0~dfsg-2) ...
Setting up libhttp-parser2.7.1:amd64 (2.7.1-2) ...
Setting up libuv1:amd64 (1.18.0-3) ...
Processing triggers for libc-bin (2.27-3ubuntu1) ...
Processing triggers for man-db (2.8.3-2) ...
Setting up libc-ares2:amd64 (1.14.0-1) ...
Setting up nodejs (8.10.0~dfsg-2) ...
update-alternatives: using /usr/bin/nodejs to provide /usr/bin/js (js) in auto mode
Processing triggers for libc-bin (2.27-3ubuntu1) ...
daveralo@daveralo:~/projects/ror1/ror1$ rails S
rails aborted!
Don't know how to build task 'S' (see --tasks)
/var/lib/gems/2.5.0/gems/railties-5.2.1/lib/rails/commands/rake/rake_command.rb:23:in `block in perform'
/var/lib/gems/2.5.0/gems/railties-5.2.1/lib/rails/commands/rake/rake_command.rb:20:in `perform'
/var/lib/gems/2.5.0/gems/railties-5.2.1/lib/rails/command.rb:48:in `invoke'
/var/lib/gems/2.5.0/gems/railties-5.2.1/lib/rails/commands.rb:18:in `<main>'
/var/lib/gems/2.5.0/gems/bootsnap-1.3.1/lib/bootsnap/load_path_cache/core_ext/kernel_require.rb:21:in `require'
/var/lib/gems/2.5.0/gems/bootsnap-1.3.1/lib/bootsnap/load_path_cache/core_ext/kernel_require.rb:21:in `block in require_with_bootsnap_lfi'
/var/lib/gems/2.5.0/gems/bootsnap-1.3.1/lib/bootsnap/load_path_cache/loaded_features_index.rb:65:in `register'
/var/lib/gems/2.5.0/gems/bootsnap-1.3.1/lib/bootsnap/load_path_cache/core_ext/kernel_require.rb:20:in `require_with_bootsnap_lfi'
/var/lib/gems/2.5.0/gems/bootsnap-1.3.1/lib/bootsnap/load_path_cache/core_ext/kernel_require.rb:29:in `require'
/var/lib/gems/2.5.0/gems/activesupport-5.2.1/lib/active_support/dependencies.rb:287:in `block in require'
/var/lib/gems/2.5.0/gems/activesupport-5.2.1/lib/active_support/dependencies.rb:253:in `load_dependency'
/var/lib/gems/2.5.0/gems/activesupport-5.2.1/lib/active_support/dependencies.rb:287:in `require'
bin/rails:4:in `<main>'
(See full trace by running task with --trace)
daveralo@daveralo:~/projects/ror1/ror1$ sudo bundle install
Don't run Bundler as root. Bundler can ask for sudo if it is needed, and installing your bundle as root will
break this application for all non-root users on this machine.
Using rake 12.3.1
Using concurrent-ruby 1.0.5
Using i18n 1.1.0
Using minitest 5.11.3
Using thread_safe 0.3.6
Using tzinfo 1.2.5
Using activesupport 5.2.1
Using builder 3.2.3
Using erubi 1.7.1
Using mini_portile2 2.3.0
Using nokogiri 1.8.4
Using rails-dom-testing 2.0.3
Using crass 1.0.4
Using loofah 2.2.2
Using rails-html-sanitizer 1.0.4
Using actionview 5.2.1
Using rack 2.0.5
Using rack-test 1.1.0
Using actionpack 5.2.1
Using nio4r 2.3.1
Using websocket-extensions 0.1.3
Using websocket-driver 0.7.0
Using actioncable 5.2.1
Using globalid 0.4.1
Using activejob 5.2.1
Using mini_mime 1.0.0
Using mail 2.7.0
Using actionmailer 5.2.1
Using activemodel 5.2.1
Using arel 9.0.0
Using activerecord 5.2.1
Using mimemagic 0.3.2
Using marcel 0.3.2
Using activestorage 5.2.1
Using public_suffix 3.0.2
Using addressable 2.5.2
Using io-like 0.3.0
Using archive-zip 0.11.0
Using bindex 0.5.0
Using msgpack 1.2.4
Using bootsnap 1.3.1
Using bundler 1.16.3
Using byebug 10.0.2
Using xpath 3.1.0
Using capybara 3.5.1
Using ffi 1.9.25
Using childprocess 0.9.0
Using chromedriver-helper 1.2.0
Using coffee-script-source 1.12.2
Using execjs 2.7.0
Using coffee-script 2.4.1
Using method_source 0.9.0
Using thor 0.20.0
Using railties 5.2.1
Using coffee-rails 4.2.2
Using multi_json 1.13.1
Using jbuilder 2.7.0
Using rb-fsevent 0.10.3
Using rb-inotify 0.9.10
Using ruby_dep 1.5.0
Using listen 3.1.5
Using puma 3.12.0
Using sprockets 3.7.2
Using sprockets-rails 3.2.1
Using rails 5.2.1
Using rubyzip 1.2.1
Using sass-listen 4.0.0
Using sass 3.5.7
Using tilt 2.0.8
Using sass-rails 5.0.7
Using selenium-webdriver 3.14.0
Using spring 2.0.2
Using spring-watcher-listen 2.0.1
Using sqlite3 1.3.13
Using turbolinks-source 5.1.0
Using turbolinks 5.1.1
Using uglifier 4.1.18
Using web-console 3.6.2
Bundle complete! 18 Gemfile dependencies, 78 gems now installed.
Use `bundle info [gemname]` to see where a bundled gem is installed.
daveralo@daveralo:~/projects/ror1/ror1$ 
daveralo@daveralo:~/projects/ror1/ror1$ 
daveralo@daveralo:~/projects/ror1/ror1$ 
daveralo@daveralo:~/projects/ror1/ror1$ 
daveralo@daveralo:~/projects/ror1/ror1$ rails --version
Rails 5.2.1
daveralo@daveralo:~/projects/ror1/ror1$ ls
app  config     db       Gemfile.lock  log           public    README.md  test  vendor
bin  config.ru  Gemfile  lib           package.json  Rakefile  storage    tmp
daveralo@daveralo:~/projects/ror1/ror1$ rails S
rails aborted!
Don't know how to build task 'S' (see --tasks)
/var/lib/gems/2.5.0/gems/railties-5.2.1/lib/rails/commands/rake/rake_command.rb:23:in `block in perform'
/var/lib/gems/2.5.0/gems/railties-5.2.1/lib/rails/commands/rake/rake_command.rb:20:in `perform'
/var/lib/gems/2.5.0/gems/railties-5.2.1/lib/rails/command.rb:48:in `invoke'
/var/lib/gems/2.5.0/gems/railties-5.2.1/lib/rails/commands.rb:18:in `<main>'
/var/lib/gems/2.5.0/gems/bootsnap-1.3.1/lib/bootsnap/load_path_cache/core_ext/kernel_require.rb:21:in `require'
/var/lib/gems/2.5.0/gems/bootsnap-1.3.1/lib/bootsnap/load_path_cache/core_ext/kernel_require.rb:21:in `block in require_with_bootsnap_lfi'
/var/lib/gems/2.5.0/gems/bootsnap-1.3.1/lib/bootsnap/load_path_cache/loaded_features_index.rb:65:in `register'
/var/lib/gems/2.5.0/gems/bootsnap-1.3.1/lib/bootsnap/load_path_cache/core_ext/kernel_require.rb:20:in `require_with_bootsnap_lfi'
/var/lib/gems/2.5.0/gems/bootsnap-1.3.1/lib/bootsnap/load_path_cache/core_ext/kernel_require.rb:29:in `require'
/var/lib/gems/2.5.0/gems/activesupport-5.2.1/lib/active_support/dependencies.rb:287:in `block in require'
/var/lib/gems/2.5.0/gems/activesupport-5.2.1/lib/active_support/dependencies.rb:253:in `load_dependency'
/var/lib/gems/2.5.0/gems/activesupport-5.2.1/lib/active_support/dependencies.rb:287:in `require'
bin/rails:4:in `<main>'
(See full trace by running task with --trace)
daveralo@daveralo:~/projects/ror1/ror1$ rails s
=> Booting Puma
=> Rails 5.2.1 application starting in development 
=> Run `rails server -h` for more startup options
Puma starting in single mode...
* Version 3.12.0 (ruby 2.5.1-p57), codename: Llamas in Pajamas
* Min threads: 5, max threads: 5
* Environment: development
* Listening on tcp://0.0.0.0:3000
Use Ctrl-C to stop
Started GET "/" for 127.0.0.1 at 2018-08-09 20:49:28 -0500
Processing by Rails::WelcomeController#index as HTML
  Rendering /var/lib/gems/2.5.0/gems/railties-5.2.1/lib/rails/templates/rails/welcome/index.html.erb
  Rendered /var/lib/gems/2.5.0/gems/railties-5.2.1/lib/rails/templates/rails/welcome/index.html.erb (4.3ms)
Completed 200 OK in 45ms (Views: 19.9ms | ActiveRecord: 0.0ms)

